Component: ARM Compiler 5.06 update 7 (build 960) Tool: armlink [4d3601]

==============================================================================

Section Cross References

    adas1000.o(i.ADAS1000_IT) refers to adas1000.o(i.LL_GPIO_IsInputPinSet) for LL_GPIO_IsInputPinSet
    adas1000.o(i.ADAS1000_IT) refers to adas1000.o(i.ReadFrame) for ReadFrame
    adas1000.o(i.ADAS1000_Init) refers to adas1000.o(i.WriteRegister) for WriteRegister
    adas1000.o(i.ADAS1000_Init) refers to cmsis_os.o(i.osDelay) for osDelay
    adas1000.o(i.ADAS1000_Init) refers to adas1000.o(i.LL_GPIO_IsInputPinSet) for LL_GPIO_IsInputPinSet
    adas1000.o(i.ADAS1000_Init) refers to adas1000.o(i.Normal_RegisterConfig) for Normal_RegisterConfig
    adas1000.o(i.ADAS1000_PowerMode) refers to adas1000.o(i.ReadRegister) for ReadRegister
    adas1000.o(i.ADAS1000_PowerMode) refers to adas1000.o(i.WriteRegister) for WriteRegister
    adas1000.o(i.Normal_RegisterConfig) refers to adas1000.o(i.WriteRegister) for WriteRegister
    adas1000.o(i.Normal_RegisterConfig) refers to adas1000.o(i.ReadRegister) for ReadRegister
    adas1000.o(i.Normal_RegisterConfig) refers to main.o(i.Error_Handler) for Error_Handler
    adas1000.o(i.Normal_RegisterConfig) refers to bsp_spi.o(i.SPI_Transmit32bit) for SPI_Transmit32bit
    adas1000.o(i.ReadFrame) refers to bsp_spi.o(i.SPI_Transmit32bit) for SPI_Transmit32bit
    adas1000.o(i.ReadFrame) refers to adas1000.o(i.LL_GPIO_IsInputPinSet) for LL_GPIO_IsInputPinSet
    adas1000.o(i.ReadFrame) refers to adas1000.o(i.uint_to_int) for uint_to_int
    adas1000.o(i.ReadFrame) refers to adas1000.o(i.ReadRegister) for ReadRegister
    adas1000.o(i.ReadFrame) refers to adas1000.o(.bss) for .bss
    adas1000.o(i.ReadRegister) refers to bsp_spi.o(i.SPI_Transmit32bit) for SPI_Transmit32bit
    adas1000.o(i.WriteRegister) refers to bsp_spi.o(i.SPI_Transmit32bit) for SPI_Transmit32bit
    cpu_utils.o(i.EndIdleMonitor) refers to tasks.o(i.xTaskGetCurrentTaskHandle) for xTaskGetCurrentTaskHandle
    cpu_utils.o(i.EndIdleMonitor) refers to tasks.o(i.xTaskGetTickCountFromISR) for xTaskGetTickCountFromISR
    cpu_utils.o(i.EndIdleMonitor) refers to cpu_utils.o(.data) for .data
    cpu_utils.o(i.StartIdleMonitor) refers to tasks.o(i.xTaskGetCurrentTaskHandle) for xTaskGetCurrentTaskHandle
    cpu_utils.o(i.StartIdleMonitor) refers to tasks.o(i.xTaskGetTickCountFromISR) for xTaskGetTickCountFromISR
    cpu_utils.o(i.StartIdleMonitor) refers to cpu_utils.o(.data) for .data
    cpu_utils.o(i.osGetCPUUsage) refers to cpu_utils.o(.data) for .data
    cpu_utils.o(i.vApplicationIdleHook) refers to tasks.o(i.xTaskGetCurrentTaskHandle) for xTaskGetCurrentTaskHandle
    cpu_utils.o(i.vApplicationIdleHook) refers to cpu_utils.o(.data) for .data
    cpu_utils.o(i.vApplicationTickHook) refers to cpu_utils.o(.data) for .data
    datacenter.o(i.DataCenter_Run) refers to filter.o(i.Filter_Run) for Filter_Run
    datacenter.o(i.DataCenter_Run) refers to datacenter.o(.bss) for .bss
    datacenter.o(i.ECG_CalcBMP_I) refers to bsp_beep.o(i.BSP_BEEP_Run) for BSP_BEEP_Run
    datacenter.o(i.ECG_CalcBMP_I) refers to datacenter.o(.data) for .data
    datacenter.o(i.ECG_CalcBMP_I) refers to datacenter.o(.bss) for .bss
    datacenter.o(i.ECG_CalcBMP_II) refers to bsp_beep.o(i.BSP_BEEP_Run) for BSP_BEEP_Run
    datacenter.o(i.ECG_CalcBMP_II) refers to datacenter.o(.data) for .data
    datacenter.o(i.ECG_CalcBMP_II) refers to datacenter.o(.bss) for .bss
    datacenter.o(i.ECG_CalcBMP_III) refers to bsp_beep.o(i.BSP_BEEP_Run) for BSP_BEEP_Run
    datacenter.o(i.ECG_CalcBMP_III) refers to datacenter.o(.data) for .data
    datacenter.o(i.ECG_CalcBMP_III) refers to datacenter.o(.bss) for .bss
    datacenter.o(i.ECG_CalcBMP_function) refers to datacenter.o(.data) for .data
    datacenter.o(i.ECG_CalcBMP_function) refers to datacenter.o(i.ECG_CalcBMP_III) for ECG_CalcBMP_III
    datacenter.o(i.ECG_CalcBMP_function) refers to datacenter.o(i.ECG_CalcBMP_I) for ECG_CalcBMP_I
    datacenter.o(i.ECG_CalcBMP_function) refers to datacenter.o(i.ECG_CalcBMP_II) for ECG_CalcBMP_II
    datacenter.o(i.RR_Calc) refers to datacenter.o(.data) for .data
    datacenter.o(i.RR_Calc) refers to datacenter.o(.bss) for .bss
    datacenter.o(i.SYS_Basic_Count) refers to datacenter.o(.data) for .data
    datacenter.o(.data) refers to datacenter.o(i.ECG_CalcBMP_III) for ECG_CalcBMP_III
    eeprom.o(i.EEPROM_ECG_Record) refers to stm32h7xx_hal_i2c.o(i.HAL_I2C_Mem_Read) for HAL_I2C_Mem_Read
    eeprom.o(i.EEPROM_ECG_Record) refers to eeprom.o(i.WriteData) for WriteData
    eeprom.o(i.EEPROM_ECG_Record) refers to i2c.o(.bss) for hi2c4
    eeprom.o(i.EEPROM_RestartRecord) refers to eeprom.o(i.WriteData) for WriteData
    eeprom.o(i.WriteData) refers to stm32h7xx_hal_i2c.o(i.HAL_I2C_Mem_Write) for HAL_I2C_Mem_Write
    eeprom.o(i.WriteData) refers to i2c.o(.bss) for hi2c4
[...]
    0x080037ea   0x080037ea   0x00000030   Code   RO         3103    i.EXTI9_5_IRQHandler  stm32h7xx_it.o
    0x0800381a   0x0800381a   0x00000002   PAD
    0x0800381c   0x0800381c   0x00000024   Code   RO          304    i.EndIdleMonitor    cpu_utils.o
    0x08003840   0x08003840   0x00000004   Code   RO         2669    i.Error_Handler     main.o
    0x08003844   0x08003844   0x000000d4   Code   RO          498    i.Filter_Basicline  filter.o
    0x08003918   0x08003918   0x000000d4   Code   RO          499    i.Filter_Init       filter.o
    0x080039ec   0x080039ec   0x00000120   Code   RO          500    i.Filter_Run        filter.o
    0x08003b0c   0x08003b0c   0x00000074   Code   RO         1364    i.GUI_Draw_BigNum   mainwnd.o
    0x08003b80   0x08003b80   0x000000a8   Code   RO          655    i.GUI_ECG_Value     system.o
    0x08003c28   0x08003c28   0x0000000c   Code   RO         1365    i.GUI_KEY_update    mainwnd.o
    0x08003c34   0x08003c34   0x0000008c   Code   RO         1366    i.GUI_Show_SysValue  mainwnd.o
    0x08003cc0   0x08003cc0   0x0000009c   Code   RO         7413    i.HAL_ADCEx_Calibration_Start  stm32h7xx_hal_adc_ex.o
    0x08003d5c   0x08003d5c   0x00000128   Code   RO         7433    i.HAL_ADCEx_MultiModeConfigChannel  stm32h7xx_hal_adc_ex.o
    0x08003e84   0x08003e84   0x00000598   Code   RO         7189    i.HAL_ADC_ConfigChannel  stm32h7xx_hal_adc.o
    0x0800441c   0x0800441c   0x00000006   Code   RO         7196    i.HAL_ADC_GetValue  stm32h7xx_hal_adc.o
    0x08004422   0x08004422   0x00000002   PAD
    0x08004424   0x08004424   0x000002a8   Code   RO         7198    i.HAL_ADC_Init      stm32h7xx_hal_adc.o
    0x080046cc   0x080046cc   0x000000c8   Code   RO         2882    i.HAL_ADC_MspInit   adc.o
    0x08004794   0x08004794   0x00000124   Code   RO         7202    i.HAL_ADC_PollForConversion  stm32h7xx_hal_adc.o
    0x080048b8   0x080048b8   0x00000108   Code   RO         7204    i.HAL_ADC_Start     stm32h7xx_hal_adc.o
    0x080049c0   0x080049c0   0x00000024   Code   RO         5872    i.HAL_Delay         stm32h7xx_hal.o
    0x080049e4   0x080049e4   0x0000021c   Code   RO         4882    i.HAL_GPIO_Init     stm32h7xx_hal_gpio.o
    0x08004c00   0x08004c00   0x0000000c   Code   RO         5888    i.HAL_GetTick       stm32h7xx_hal.o
    0x08004c0c   0x08004c0c   0x00000058   Code   RO         6675    i.HAL_I2CEx_ConfigAnalogFilter  stm32h7xx_hal_i2c_ex.o
    0x08004c64   0x08004c64   0x00000054   Code   RO         6676    i.HAL_I2CEx_ConfigDigitalFilter  stm32h7xx_hal_i2c_ex.o
    0x08004cb8   0x08004cb8   0x000000b8   Code   RO         6224    i.HAL_I2C_Init      stm32h7xx_hal_i2c.o
    0x08004d70   0x08004d70   0x00000084   Code   RO         2937    i.HAL_I2C_MspInit   i2c.o
    0x08004df4   0x08004df4   0x00000010   Code   RO         5894    i.HAL_IncTick       stm32h7xx_hal.o
    0x08004e04   0x08004e04   0x0000005c   Code   RO         5895    i.HAL_Init          stm32h7xx_hal.o
    0x08004e60   0x08004e60   0x00000084   Code   RO         3252    i.HAL_InitTick      stm32h7xx_hal_timebase_tim.o
    0x08004ee4   0x08004ee4   0x00000024   Code   RO         3228    i.HAL_MspInit       stm32h7xx_hal_msp.o
    0x08004f08   0x08004f08   0x0000001a   Code   RO         5730    i.HAL_NVIC_EnableIRQ  stm32h7xx_hal_cortex.o
    0x08004f22   0x08004f22   0x00000002   PAD
    0x08004f24   0x08004f24   0x00000040   Code   RO         5736    i.HAL_NVIC_SetPriority  stm32h7xx_hal_cortex.o
    0x08004f64   0x08004f64   0x00000024   Code   RO         5737    i.HAL_NVIC_SetPriorityGrouping  stm32h7xx_hal_cortex.o
    0x08004f88   0x08004f88   0x00000028   Code   RO         4033    i.HAL_PCDEx_ActivateLPM  stm32h7xx_hal_pcd_ex.o
    0x08004fb0   0x08004fb0   0x00000002   Code   RO         4038    i.HAL_PCDEx_LPM_Callback  stm32h7xx_hal_pcd_ex.o
    0x08004fb2   0x08004fb2   0x00000008   Code   RO         4039    i.HAL_PCDEx_SetRxFiFo  stm32h7xx_hal_pcd_ex.o
    0x08004fba   0x08004fba   0x00000046   Code   RO         4040    i.HAL_PCDEx_SetTxFiFo  stm32h7xx_hal_pcd_ex.o
    0x08005000   0x08005000   0x00000008   Code   RO         3498    i.HAL_PCD_ConnectCallback  usbd_conf.o
    0x08005008   0x08005008   0x00000012   Code   RO         3499    i.HAL_PCD_DataInStageCallback  usbd_conf.o
    0x0800501a   0x0800501a   0x00000014   Code   RO         3500    i.HAL_PCD_DataOutStageCallback  usbd_conf.o
    0x0800502e   0x0800502e   0x00000008   Code   RO         3501    i.HAL_PCD_DisconnectCallback  usbd_conf.o
    0x08005036   0x08005036   0x0000001e   Code   RO         3809    i.HAL_PCD_EP_Abort  stm32h7xx_hal_pcd.o
    0x08005054   0x08005054   0x0000004c   Code   RO         3810    i.HAL_PCD_EP_Close  stm32h7xx_hal_pcd.o
    0x080050a0   0x080050a0   0x0000005c   Code   RO         3811    i.HAL_PCD_EP_ClrStall  stm32h7xx_hal_pcd.o
    0x080050fc   0x080050fc   0x00000012   Code   RO         3813    i.HAL_PCD_EP_GetRxCount  stm32h7xx_hal_pcd.o
    0x0800510e   0x0800510e   0x00000060   Code   RO         3814    i.HAL_PCD_EP_Open   stm32h7xx_hal_pcd.o
    0x0800516e   0x0800516e   0x00000048   Code   RO         3815    i.HAL_PCD_EP_Receive  stm32h7xx_hal_pcd.o
    0x080051b6   0x080051b6   0x00000074   Code   RO         3816    i.HAL_PCD_EP_SetStall  stm32h7xx_hal_pcd.o
    0x0800522a   0x0800522a   0x00000044   Code   RO         3817    i.HAL_PCD_EP_Transmit  stm32h7xx_hal_pcd.o
    0x0800526e   0x0800526e   0x00000002   PAD
    0x08005270   0x08005270   0x0000059c   Code   RO         3819    i.HAL_PCD_IRQHandler  stm32h7xx_hal_pcd.o
    0x0800580c   0x0800580c   0x00000008   Code   RO         3502    i.HAL_PCD_ISOINIncompleteCallback  usbd_conf.o
    0x08005814   0x08005814   0x00000008   Code   RO         3503    i.HAL_PCD_ISOOUTIncompleteCallback  usbd_conf.o
    0x0800581c   0x0800581c   0x000000f2   Code   RO         3822    i.HAL_PCD_Init      stm32h7xx_hal_pcd.o
    0x0800590e   0x0800590e   0x00000002   PAD
    0x08005910   0x08005910   0x00000078   Code   RO         3505    i.HAL_PCD_MspInit   usbd_conf.o
    0x08005988   0x08005988   0x0000002c   Code   RO         3506    i.HAL_PCD_ResetCallback  usbd_conf.o
    0x080059b4   0x080059b4   0x00000008   Code   RO         3507    i.HAL_PCD_ResumeCallback  usbd_conf.o
    0x080059bc   0x080059bc   0x00000008   Code   RO         3508    i.HAL_PCD_SOFCallback  usbd_conf.o
    0x080059c4   0x080059c4   0x00000028   Code   RO         3828    i.HAL_PCD_SetAddress  stm32h7xx_hal_pcd.o
    0x080059ec   0x080059ec   0x0000000e   Code   RO         3509    i.HAL_PCD_SetupStageCallback  usbd_conf.o
    0x080059fa   0x080059fa   0x00000042   Code   RO         3831    i.HAL_PCD_Start     stm32h7xx_hal_pcd.o
    0x08005a3c   0x08005a3c   0x00000030   Code   RO         3510    i.HAL_PCD_SuspendCallback  usbd_conf.o
    0x08005a6c   0x08005a6c   0x00000054   Code   RO         5483    i.HAL_PWREx_ConfigSupply  stm32h7xx_hal_pwr_ex.o
    0x08005ac0   0x08005ac0   0x00000010   Code   RO         5500    i.HAL_PWREx_EnableUSBVoltageDetector  stm32h7xx_hal_pwr_ex.o
    0x08005ad0   0x08005ad0   0x00000024   Code   RO         4525    i.HAL_RCCEx_GetD3PCLK1Freq  stm32h7xx_hal_rcc_ex.o
    0x08005af4   0x08005af4   0x00000148   Code   RO         4526    i.HAL_RCCEx_GetPLL1ClockFreq  stm32h7xx_hal_rcc_ex.o
    0x08005c3c   0x08005c3c   0x00000144   Code   RO         4527    i.HAL_RCCEx_GetPLL2ClockFreq  stm32h7xx_hal_rcc_ex.o
    0x08005d80   0x08005d80   0x00000144   Code   RO         4528    i.HAL_RCCEx_GetPLL3ClockFreq  stm32h7xx_hal_rcc_ex.o
    0x08005ec4   0x08005ec4   0x00000240   Code   RO         4530    i.HAL_RCCEx_GetPeriphCLKFreq  stm32h7xx_hal_rcc_ex.o
    0x08006104   0x08006104   0x00000866   Code   RO         4534    i.HAL_RCCEx_PeriphCLKConfig  stm32h7xx_hal_rcc_ex.o
    0x0800696a   0x0800696a   0x00000002   PAD
    0x0800696c   0x0800696c   0x0000025c   Code   RO         4410    i.HAL_RCC_ClockConfig  stm32h7xx_hal_rcc.o
    0x08006bc8   0x08006bc8   0x0000005c   Code   RO         4414    i.HAL_RCC_GetClockConfig  stm32h7xx_hal_rcc.o
    0x08006c24   0x08006c24   0x00000044   Code   RO         4415    i.HAL_RCC_GetHCLKFreq  stm32h7xx_hal_rcc.o
    0x08006c68   0x08006c68   0x00000024   Code   RO         4418    i.HAL_RCC_GetPCLK2Freq  stm32h7xx_hal_rcc.o
    0x08006c8c   0x08006c8c   0x00000138   Code   RO         4419    i.HAL_RCC_GetSysClockFreq  stm32h7xx_hal_rcc.o
    0x08006dc4   0x08006dc4   0x000004d2   Code   RO         4422    i.HAL_RCC_OscConfig  stm32h7xx_hal_rcc.o
    0x08007296   0x08007296   0x00000002   Code   RO         8478    i.HAL_TIMEx_Break2Callback  stm32h7xx_hal_tim_ex.o
    0x08007298   0x08007298   0x00000002   Code   RO         8479    i.HAL_TIMEx_BreakCallback  stm32h7xx_hal_tim_ex.o
    0x0800729a   0x0800729a   0x00000002   Code   RO         8480    i.HAL_TIMEx_CommutCallback  stm32h7xx_hal_tim_ex.o
    0x0800729c   0x0800729c   0x000000b8   Code   RO         8501    i.HAL_TIMEx_MasterConfigSynchronization  stm32h7xx_hal_tim_ex.o
    0x08007354   0x08007354   0x00000062   Code   RO         7764    i.HAL_TIM_Base_Init  stm32h7xx_hal_tim.o
    0x080073b6   0x080073b6   0x00000002   PAD
    0x080073b8   0x080073b8   0x000000b4   Code   RO         3009    i.HAL_TIM_Base_MspInit  tim.o
    0x0800746c   0x0800746c   0x000000a0   Code   RO         7769    i.HAL_TIM_Base_Start_IT  stm32h7xx_hal_tim.o
    0x0800750c   0x0800750c   0x00000030   Code   RO         7772    i.HAL_TIM_Base_Stop_IT  stm32h7xx_hal_tim.o
    0x0800753c   0x0800753c   0x00000002   Code   RO         7798    i.HAL_TIM_IC_CaptureCallback  stm32h7xx_hal_tim.o
    0x0800753e   0x0800753e   0x00000182   Code   RO         7812    i.HAL_TIM_IRQHandler  stm32h7xx_hal_tim.o
    0x080076c0   0x080076c0   0x00000080   Code   RO         3010    i.HAL_TIM_MspPostInit  tim.o
    0x08007740   0x08007740   0x00000002   Code   RO         7815    i.HAL_TIM_OC_DelayElapsedCallback  stm32h7xx_hal_tim.o
    0x08007742   0x08007742   0x00000124   Code   RO         7836    i.HAL_TIM_PWM_ConfigChannel  stm32h7xx_hal_tim.o
    0x08007866   0x08007866   0x00000062   Code   RO         7839    i.HAL_TIM_PWM_Init  stm32h7xx_hal_tim.o
    0x080078c8   0x080078c8   0x0000003c   Code   RO         3012    i.HAL_TIM_PWM_MspInit  tim.o
    0x08007904   0x08007904   0x00000002   Code   RO         7842    i.HAL_TIM_PWM_PulseFinishedCallback  stm32h7xx_hal_tim.o
    0x08007906   0x08007906   0x00000002   PAD
    0x08007908   0x08007908   0x00000124   Code   RO         7844    i.HAL_TIM_PWM_Start  stm32h7xx_hal_tim.o
    0x08007a2c   0x08007a2c   0x000000b0   Code   RO         7847    i.HAL_TIM_PWM_Stop  stm32h7xx_hal_tim.o
    0x08007adc   0x08007adc   0x00000020   Code   RO         2670    i.HAL_TIM_PeriodElapsedCallback  main.o
    0x08007afc   0x08007afc   0x00000002   Code   RO         7855    i.HAL_TIM_TriggerCallback  stm32h7xx_hal_tim.o
    0x08007afe   0x08007afe   0x00000002   Code   RO         3104    i.HardFault_Handler  stm32h7xx_it.o
    0x08007b00   0x08007b00   0x00000038   Code   RO         3333    i.IntToUnicode      usbd_desc.o
    0x08007b38   0x08007b38   0x000000cc   Code   RO         1309    i.LCD_ShowChar      extrastr.o
    0x08007c04   0x08007c04   0x00000056   Code   RO         1311    i.LCD_ShowString    extrastr.o
    0x08007c5a   0x08007c5a   0x00000002   PAD
    0x08007c5c   0x08007c5c   0x00000014   Code   RO         1021    i.LED_Clear_All     bsp_led.o
    0x08007c70   0x08007c70   0x00000060   Code   RO         1022    i.LED_Control       bsp_led.o
    0x08007cd0   0x08007cd0   0x00000020   Code   RO         1024    i.LED_SetGroup      bsp_led.o
    0x08007cf0   0x08007cf0   0x00000024   Code   RO         1025    i.LED_Tick          bsp_led.o
    0x08007d14   0x08007d14   0x0000000c   Code   RO         7210    i.LL_ADC_GetOffsetChannel  stm32h7xx_hal_adc.o
    0x08007d20   0x08007d20   0x00000008   Code   RO         7211    i.LL_ADC_INJ_IsConversionOngoing  stm32h7xx_hal_adc.o
    0x08007d28   0x08007d28   0x00000008   Code   RO         7212    i.LL_ADC_REG_IsConversionOngoing  stm32h7xx_hal_adc.o
    0x08007d30   0x08007d30   0x00000008   Code   RO         7443    i.LL_ADC_REG_IsConversionOngoing  stm32h7xx_hal_adc_ex.o
    0x08007d38   0x08007d38   0x00000010   Code   RO         7213    i.LL_ADC_REG_IsTriggerSourceSWStart  stm32h7xx_hal_adc.o
    0x08007d48   0x08007d48   0x0000001e   Code   RO         7215    i.LL_ADC_SetChannelSamplingTime  stm32h7xx_hal_adc.o
    0x08007d66   0x08007d66   0x00000002   PAD
    0x08007d68   0x08007d68   0x00000018   Code   RO         7216    i.LL_ADC_SetOffsetState  stm32h7xx_hal_adc.o
    0x08007d80   0x08007d80   0x00000018   Code   RO         2731    i.LL_AHB4_GRP1_EnableClock  gpio.o
    0x08007d98   0x08007d98   0x000001a0   Code   RO         3710    i.LL_EXTI_Init      stm32h7xx_ll_exti.o
    0x08007f38   0x08007f38   0x00000014   Code   RO         3105    i.LL_EXTI_IsActiveFlag_0_31  stm32h7xx_it.o
    0x08007f4c   0x08007f4c   0x000000b4   Code   RO         3751    i.LL_GPIO_Init      stm32h7xx_ll_gpio.o
    0x08008000   0x08008000   0x0000000e   Code   RO            7    i.LL_GPIO_IsInputPinSet  adas1000.o
    0x0800800e   0x0800800e   0x0000000e   Code   RO          909    i.LL_GPIO_IsInputPinSet  bsp_input.o
    0x0800801c   0x0800801c   0x00000012   Code   RO         2732    i.LL_GPIO_SetPinMode  gpio.o
    0x0800802e   0x0800802e   0x00000012   Code   RO         2733    i.LL_GPIO_SetPinPull  gpio.o
    0x08008040   0x08008040   0x000000ac   Code   RO         7652    i.LL_SPI_Init       stm32h7xx_ll_spi.o
    0x080080ec   0x080080ec   0x0000002a   Code   RO         2734    i.LL_SYSCFG_SetEXTISource  gpio.o
    0x08008116   0x08008116   0x00000002   PAD
    0x08008118   0x08008118   0x0000013c   Code   RO          656    i.LOFF_Disp         system.o
    0x08008254   0x08008254   0x00000090   Code   RO         2883    i.MX_ADC1_Init      adc.o
    0x080082e4   0x080082e4   0x00000078   Code   RO         2884    i.MX_ADC2_Init      adc.o
    0x0800835c   0x0800835c   0x00000084   Code   RO         2885    i.MX_ADC3_Init      adc.o
    0x080083e0   0x080083e0   0x00000028   Code   RO         2808    i.MX_FREERTOS_Init  freertos.o
    0x08008408   0x08008408   0x0000031c   Code   RO         2735    i.MX_GPIO_Init      gpio.o
    0x08008724   0x08008724   0x00000058   Code   RO         2938    i.MX_I2C4_Init      i2c.o
    0x0800877c   0x0800877c   0x0000009c   Code   RO         2978    i.MX_SPI1_Init      spi.o
    0x08008818   0x08008818   0x00000060   Code   RO         3013    i.MX_TIM12_Init     tim.o
    0x08008878   0x08008878   0x00000038   Code   RO         3014    i.MX_TIM13_Init     tim.o
    0x080088b0   0x080088b0   0x00000038   Code   RO         3015    i.MX_TIM14_Init     tim.o
    0x080088e8   0x080088e8   0x00000074   Code   RO         3016    i.MX_TIM2_Init      tim.o
    0x0800895c   0x0800895c   0x0000004c   Code   RO         3017    i.MX_TIM6_Init      tim.o
    0x080089a8   0x080089a8   0x0000004c   Code   RO         3018    i.MX_TIM7_Init      tim.o
    0x080089f4   0x080089f4   0x00000054   Code   RO         3298    i.MX_USB_DEVICE_Init  usb_device.o
    0x08008a48   0x08008a48   0x00000002   Code   RO         3106    i.MemManage_Handler  stm32h7xx_it.o
    0x08008a4a   0x08008a4a   0x00000002   PAD
    0x08008a4c   0x08008a4c   0x00000028   Code   RO          752    i.Mid_Waring        warsys.o
    0x08008a74   0x08008a74   0x00000002   Code   RO         3107    i.NMI_Handler       stm32h7xx_it.o
    0x08008a76   0x08008a76   0x00000032   Code   RO         2736    i.NVIC_EncodePriority  gpio.o
    0x08008aa8   0x08008aa8   0x000000d0   Code   RO            8    i.Normal_RegisterConfig  adas1000.o
    0x08008b78   0x08008b78   0x00000024   Code   RO          753    i.Normal_Waring     warsys.o
    0x08008b9c   0x08008b9c   0x0000000c   Code   RO         3108    i.OTG_HS_IRQHandler  stm32h7xx_it.o
    0x08008ba8   0x08008ba8   0x000000cc   Code   RO         3834    i.PCD_EP_OutXfrComplete_int  stm32h7xx_hal_pcd.o
    0x08008c74   0x08008c74   0x000000a2   Code   RO         3835    i.PCD_WriteEmptyTxFifo  stm32h7xx_hal_pcd.o
    0x08008d16   0x08008d16   0x00000046   Code   RO         2671    i.PeriphCommonClock_Config  main.o
    0x08008d5c   0x08008d5c   0x00000104   Code   RO          657    i.Program_Boot      system.o
    0x08008e60   0x08008e60   0x00000120   Code   RO         4537    i.RCCEx_PLL2_Config  stm32h7xx_hal_rcc_ex.o
    0x08008f80   0x08008f80   0x00000120   Code   RO         4538    i.RCCEx_PLL3_Config  stm32h7xx_hal_rcc_ex.o
    0x080090a0   0x080090a0   0x00000050   Code   RO          369    i.RR_Calc           datacenter.o
    0x080090f0   0x080090f0   0x00000010   Code   RO          658    i.RR_Calc_Func      system.o
    0x08009100   0x08009100   0x000000b0   Code   RO            9    i.ReadFrame         adas1000.o
    0x080091b0   0x080091b0   0x00000024   Code   RO           10    i.ReadRegister      adas1000.o
    0x080091d4   0x080091d4   0x00000060   Code   RO          659    i.RefreshADC_OS     system.o
    0x08009234   0x08009234   0x00000050   Code   RO         1098    i.SPI_Transmit32bit  bsp_spi.o
    0x08009284   0x08009284   0x0000000a   Code   RO        10287    i.SWAPBYTE          usbd_ctlreq.o
    0x0800928e   0x0800928e   0x00000002   PAD
    0x08009290   0x08009290   0x00000014   Code   RO          370    i.SYS_Basic_Count   datacenter.o
    0x080092a4   0x080092a4   0x00000088   Code   RO          951    i.SelectArea        bsp_lcd.o
    0x0800932c   0x0800932c   0x00000018   Code   RO          854    i.Set_Beep          bsp_beep.o
    0x08009344   0x08009344   0x0000001c   Code   RO          855    i.Set_Frequency     bsp_beep.o
    0x08009360   0x08009360   0x00000018   Code   RO          661    i.Setup_GUI         system.o
    0x08009378   0x08009378   0x00000010   Code   RO         2809    i.StartDefaultTask  freertos.o
    0x08009388   0x08009388   0x0000001c   Code   RO          305    i.StartIdleMonitor  cpu_utils.o
    0x080093a4   0x080093a4   0x0000002c   Code   RO        10036    i.SysTick_Handler   port.o
    0x080093d0   0x080093d0   0x000000a8   Code   RO         2672    i.SystemClock_Config  main.o
    0x08009478   0x08009478   0x000000c0   Code   RO         8782    i.SystemInit        system_stm32h7xx.o
    0x08009538   0x08009538   0x0000000c   Code   RO         3109    i.TIM23_IRQHandler  stm32h7xx_it.o
    0x08009544   0x08009544   0x0000000c   Code   RO         3110    i.TIM6_DAC_IRQHandler  stm32h7xx_it.o
    0x08009550   0x08009550   0x0000000c   Code   RO         3111    i.TIM7_IRQHandler   stm32h7xx_it.o
    0x0800955c   0x0800955c   0x0000000c   Code   RO         3112    i.TIM8_TRG_COM_TIM14_IRQHandler  stm32h7xx_it.o
    0x08009568   0x08009568   0x0000000c   Code   RO         3113    i.TIM8_UP_TIM13_IRQHandler  stm32h7xx_it.o
    0x08009574   0x08009574   0x000000d8   Code   RO         7857    i.TIM_Base_SetConfig  stm32h7xx_hal_tim.o
    0x0800964c   0x0800964c   0x0000001a   Code   RO         7858    i.TIM_CCxChannelCmd  stm32h7xx_hal_tim.o
    0x08009666   0x08009666   0x00000002   PAD
    0x08009668   0x08009668   0x000000a8   Code   RO         7870    i.TIM_OC1_SetConfig  stm32h7xx_hal_tim.o
    0x08009710   0x08009710   0x00000098   Code   RO         7871    i.TIM_OC2_SetConfig  stm32h7xx_hal_tim.o
    0x080097a8   0x080097a8   0x00000098   Code   RO         7872    i.TIM_OC3_SetConfig  stm32h7xx_hal_tim.o
    0x08009840   0x08009840   0x00000078   Code   RO         7873    i.TIM_OC4_SetConfig  stm32h7xx_hal_tim.o
    0x080098b8   0x080098b8   0x00000074   Code   RO         7874    i.TIM_OC5_SetConfig  stm32h7xx_hal_tim.o
    0x0800992c   0x0800992c   0x00000074   Code   RO         7875    i.TIM_OC6_SetConfig  stm32h7xx_hal_tim.o
    0x080099a0   0x080099a0   0x0000005c   Code   RO          619    i.TimerCountout     interruptcenter.o
    0x080099fc   0x080099fc   0x00000076   Code   RO        10446    i.USBD_CDC_DataIn   usbd_cdc.o
    0x08009a72   0x08009a72   0x0000003c   Code   RO        10447    i.USBD_CDC_DataOut  usbd_cdc.o
    0x08009aae   0x08009aae   0x00000002   PAD
    0x08009ab0   0x08009ab0   0x00000090   Code   RO        10448    i.USBD_CDC_DeInit   usbd_cdc.o
    0x08009b40   0x08009b40   0x00000036   Code   RO        10449    i.USBD_CDC_EP0_RxReady  usbd_cdc.o
    0x08009b76   0x08009b76   0x00000002   PAD
    0x08009b78   0x08009b78   0x0000000c   Code   RO        10450    i.USBD_CDC_GetDeviceQualifierDescriptor  usbd_cdc.o
    0x08009b84   0x08009b84   0x00000040   Code   RO        10451    i.USBD_CDC_GetFSCfgDesc  usbd_cdc.o
    0x08009bc4   0x08009bc4   0x00000040   Code   RO        10452    i.USBD_CDC_GetHSCfgDesc  usbd_cdc.o
    0x08009c04   0x08009c04   0x00000040   Code   RO        10453    i.USBD_CDC_GetOtherSpeedCfgDesc  usbd_cdc.o
    0x08009c44   0x08009c44   0x0000011c   Code   RO        10454    i.USBD_CDC_Init     usbd_cdc.o
    0x08009d60   0x08009d60   0x00000038   Code   RO        10455    i.USBD_CDC_ReceivePacket  usbd_cdc.o
    0x08009d98   0x08009d98   0x00000016   Code   RO        10456    i.USBD_CDC_RegisterInterface  usbd_cdc.o
    0x08009dae   0x08009dae   0x0000001a   Code   RO        10457    i.USBD_CDC_SetRxBuffer  usbd_cdc.o
    0x08009dc8   0x08009dc8   0x0000001e   Code   RO        10458    i.USBD_CDC_SetTxBuffer  usbd_cdc.o
    0x08009de6   0x08009de6   0x000000ce   Code   RO        10459    i.USBD_CDC_Setup    usbd_cdc.o
    0x08009eb4   0x08009eb4   0x00000014   Code   RO        10115    i.USBD_ClrClassConfig  usbd_core.o
    0x08009ec8   0x08009ec8   0x00000004   Code   RO        10116    i.USBD_CoreFindEP   usbd_core.o
    0x08009ecc   0x08009ecc   0x00000004   Code   RO        10117    i.USBD_CoreFindIF   usbd_core.o
    0x08009ed0   0x08009ed0   0x00000010   Code   RO        10373    i.USBD_CtlContinueRx  usbd_ioreq.o
    0x08009ee0   0x08009ee0   0x00000010   Code   RO        10374    i.USBD_CtlContinueSendData  usbd_ioreq.o
    0x08009ef0   0x08009ef0   0x00000016   Code   RO        10288    i.USBD_CtlError     usbd_ctlreq.o
    0x08009f06   0x08009f06   0x0000001e   Code   RO        10375    i.USBD_CtlPrepareRx  usbd_ioreq.o
    0x08009f24   0x08009f24   0x00000016   Code   RO        10376    i.USBD_CtlReceiveStatus  usbd_ioreq.o
    0x08009f3a   0x08009f3a   0x0000001a   Code   RO        10377    i.USBD_CtlSendData  usbd_ioreq.o
    0x08009f54   0x08009f54   0x00000016   Code   RO        10378    i.USBD_CtlSendStatus  usbd_ioreq.o
    0x08009f6a   0x08009f6a   0x000000e6   Code   RO        10289    i.USBD_GetDescriptor  usbd_ctlreq.o
    0x0800a050   0x0800a050   0x0000003a   Code   RO        10119    i.USBD_GetEpDesc    usbd_core.o
    0x0800a08a   0x0800a08a   0x0000000e   Code   RO        10120    i.USBD_GetNextDesc  usbd_core.o
    0x0800a098   0x0800a098   0x0000004a   Code   RO        10290    i.USBD_GetString    usbd_ctlreq.o
    0x0800a0e2   0x0800a0e2   0x00000018   Code   RO         3511    i.USBD_Get_USB_Status  usbd_conf.o
    0x0800a0fa   0x0800a0fa   0x00000002   PAD
    0x0800a0fc   0x0800a0fc   0x00000020   Code   RO         3334    i.USBD_HS_ConfigStrDescriptor  usbd_desc.o
    0x0800a11c   0x0800a11c   0x0000000c   Code   RO         3335    i.USBD_HS_DeviceDescriptor  usbd_desc.o
    0x0800a128   0x0800a128   0x00000024   Code   RO         3336    i.USBD_HS_InterfaceStrDescriptor  usbd_desc.o
    0x0800a14c   0x0800a14c   0x0000000c   Code   RO         3337    i.USBD_HS_LangIDStrDescriptor  usbd_desc.o
    0x0800a158   0x0800a158   0x00000028   Code   RO         3338    i.USBD_HS_ManufacturerStrDescriptor  usbd_desc.o
    0x0800a180   0x0800a180   0x0000002c   Code   RO         3339    i.USBD_HS_ProductStrDescriptor  usbd_desc.o
    0x0800a1ac   0x0800a1ac   0x0000003c   Code   RO         3340    i.USBD_HS_SerialStrDescriptor  usbd_desc.o
    0x0800a1e8   0x0800a1e8   0x00000026   Code   RO        10121    i.USBD_Init         usbd_core.o
    0x0800a20e   0x0800a20e   0x00000012   Code   RO         3512    i.USBD_LL_ClearStallEP  usbd_conf.o
    0x0800a220   0x0800a220   0x00000012   Code   RO         3513    i.USBD_LL_CloseEP   usbd_conf.o
    0x0800a232   0x0800a232   0x000000b8   Code   RO        10122    i.USBD_LL_DataInStage  usbd_core.o
    0x0800a2ea   0x0800a2ea   0x00000090   Code   RO        10123    i.USBD_LL_DataOutStage  usbd_core.o
    0x0800a37a   0x0800a37a   0x00000004   Code   RO        10124    i.USBD_LL_DevConnected  usbd_core.o
    0x0800a37e   0x0800a37e   0x00000020   Code   RO        10125    i.USBD_LL_DevDisconnected  usbd_core.o
    0x0800a39e   0x0800a39e   0x00000008   Code   RO         3517    i.USBD_LL_GetRxDataSize  usbd_conf.o
    0x0800a3a6   0x0800a3a6   0x00000002   PAD
    0x0800a3a8   0x0800a3a8   0x00000068   Code   RO         3518    i.USBD_LL_Init      usbd_conf.o
    0x0800a410   0x0800a410   0x00000020   Code   RO         3519    i.USBD_LL_IsStallEP  usbd_conf.o
    0x0800a430   0x0800a430   0x00000028   Code   RO        10126    i.USBD_LL_IsoINIncomplete  usbd_core.o
    0x0800a458   0x0800a458   0x00000028   Code   RO        10127    i.USBD_LL_IsoOUTIncomplete  usbd_core.o
    0x0800a480   0x0800a480   0x00000018   Code   RO         3520    i.USBD_LL_OpenEP    usbd_conf.o
    0x0800a498   0x0800a498   0x00000012   Code   RO         3521    i.USBD_LL_PrepareReceive  usbd_conf.o
    0x0800a4aa   0x0800a4aa   0x0000005e   Code   RO        10128    i.USBD_LL_Reset     usbd_core.o
    0x0800a508   0x0800a508   0x00000014   Code   RO        10129    i.USBD_LL_Resume    usbd_core.o
    0x0800a51c   0x0800a51c   0x0000001a   Code   RO        10130    i.USBD_LL_SOF       usbd_core.o
    0x0800a536   0x0800a536   0x00000006   Code   RO        10131    i.USBD_LL_SetSpeed  usbd_core.o
    0x0800a53c   0x0800a53c   0x00000012   Code   RO         3522    i.USBD_LL_SetUSBAddress  usbd_conf.o
    0x0800a54e   0x0800a54e   0x00000060   Code   RO        10132    i.USBD_LL_SetupStage  usbd_core.o
    0x0800a5ae   0x0800a5ae   0x00000012   Code   RO         3523    i.USBD_LL_StallEP   usbd_conf.o
    0x0800a5c0   0x0800a5c0   0x00000012   Code   RO         3524    i.USBD_LL_Start     usbd_conf.o
    0x0800a5d2   0x0800a5d2   0x00000012   Code   RO        10133    i.USBD_LL_Suspend   usbd_core.o
    0x0800a5e4   0x0800a5e4   0x00000012   Code   RO         3526    i.USBD_LL_Transmit  usbd_conf.o
    0x0800a5f6   0x0800a5f6   0x0000002a   Code   RO        10291    i.USBD_ParseSetupRequest  usbd_ctlreq.o
    0x0800a620   0x0800a620   0x0000003a   Code   RO        10134    i.USBD_RegisterClass  usbd_core.o
    0x0800a65a   0x0800a65a   0x00000014   Code   RO        10136    i.USBD_SetClassConfig  usbd_core.o
    0x0800a66e   0x0800a66e   0x00000002   PAD
    0x0800a670   0x0800a670   0x000000bc   Code   RO        10292    i.USBD_SetConfig    usbd_ctlreq.o
    0x0800a72c   0x0800a72c   0x00000004   Code   RO        10137    i.USBD_Start        usbd_core.o
    0x0800a730   0x0800a730   0x0000012e   Code   RO        10293    i.USBD_StdDevReq    usbd_ctlreq.o
    0x0800a85e   0x0800a85e   0x00000164   Code   RO        10294    i.USBD_StdEPReq     usbd_ctlreq.o
    0x0800a9c2   0x0800a9c2   0x00000074   Code   RO        10295    i.USBD_StdItfReq    usbd_ctlreq.o
    0x0800aa36   0x0800aa36   0x00000002   Code   RO         3527    i.USBD_static_free  usbd_conf.o
    0x0800aa38   0x0800aa38   0x00000008   Code   RO         3528    i.USBD_static_malloc  usbd_conf.o
    0x0800aa40   0x0800aa40   0x00000080   Code   RO         4105    i.USB_ActivateEndpoint  stm32h7xx_ll_usb.o
    0x0800aac0   0x0800aac0   0x0000001c   Code   RO         4107    i.USB_ActivateSetup  stm32h7xx_ll_usb.o
    0x0800aadc   0x0800aadc   0x00000088   Code   RO         4109    i.USB_CoreInit      stm32h7xx_ll_usb.o
    0x0800ab64   0x0800ab64   0x00000040   Code   RO         4110    i.USB_CoreReset     stm32h7xx_ll_usb.o
    0x0800aba4   0x0800aba4   0x000000cc   Code   RO         4113    i.USB_DeactivateEndpoint  stm32h7xx_ll_usb.o
    0x0800ac70   0x0800ac70   0x0000001c   Code   RO         4114    i.USB_DevConnect    stm32h7xx_ll_usb.o
    0x0800ac8c   0x0800ac8c   0x0000001c   Code   RO         4115    i.USB_DevDisconnect  stm32h7xx_ll_usb.o
    0x0800aca8   0x0800aca8   0x00000178   Code   RO         4116    i.USB_DevInit       stm32h7xx_ll_usb.o
    0x0800ae20   0x0800ae20   0x0000000c   Code   RO         4117    i.USB_DisableGlobalInt  stm32h7xx_ll_usb.o
    0x0800ae2c   0x0800ae2c   0x00000120   Code   RO         4120    i.USB_EP0StartXfer  stm32h7xx_ll_usb.o
    0x0800af4c   0x0800af4c   0x00000058   Code   RO         4121    i.USB_EP0_OutStart  stm32h7xx_ll_usb.o
    0x0800afa4   0x0800afa4   0x00000058   Code   RO         4122    i.USB_EPClearStall  stm32h7xx_ll_usb.o
    0x0800affc   0x0800affc   0x00000058   Code   RO         4123    i.USB_EPSetStall    stm32h7xx_ll_usb.o
    0x0800b054   0x0800b054   0x000001e8   Code   RO         4124    i.USB_EPStartXfer   stm32h7xx_ll_usb.o
    0x0800b23c   0x0800b23c   0x0000009e   Code   RO         4125    i.USB_EPStopXfer    stm32h7xx_ll_usb.o
    0x0800b2da   0x0800b2da   0x0000000c   Code   RO         4126    i.USB_EnableGlobalInt  stm32h7xx_ll_usb.o
    0x0800b2e6   0x0800b2e6   0x00000002   PAD
    0x0800b2e8   0x0800b2e8   0x0000003c   Code   RO         4127    i.USB_FlushRxFifo   stm32h7xx_ll_usb.o
    0x0800b324   0x0800b324   0x00000040   Code   RO         4128    i.USB_FlushTxFifo   stm32h7xx_ll_usb.o
    0x0800b364   0x0800b364   0x0000001a   Code   RO         4130    i.USB_GetDevSpeed   stm32h7xx_ll_usb.o
    0x0800b37e   0x0800b37e   0x00000008   Code   RO         4132    i.USB_GetMode       stm32h7xx_ll_usb.o
    0x0800b386   0x0800b386   0x0000000e   Code   RO         4139    i.USB_ReadDevAllInEpInterrupt  stm32h7xx_ll_usb.o
    0x0800b394   0x0800b394   0x0000000e   Code   RO         4140    i.USB_ReadDevAllOutEpInterrupt  stm32h7xx_ll_usb.o
    0x0800b3a2   0x0800b3a2   0x00000024   Code   RO         4141    i.USB_ReadDevInEPInterrupt  stm32h7xx_ll_usb.o
    0x0800b3c6   0x0800b3c6   0x00000010   Code   RO         4142    i.USB_ReadDevOutEPInterrupt  stm32h7xx_ll_usb.o
    0x0800b3d6   0x0800b3d6   0x00000008   Code   RO         4143    i.USB_ReadInterrupts  stm32h7xx_ll_usb.o
    0x0800b3de   0x0800b3de   0x00000040   Code   RO         4144    i.USB_ReadPacket    stm32h7xx_ll_usb.o
    0x0800b41e   0x0800b41e   0x0000005e   Code   RO         4146    i.USB_SetCurrentMode  stm32h7xx_ll_usb.o
    0x0800b47c   0x0800b47c   0x00000022   Code   RO         4147    i.USB_SetDevAddress  stm32h7xx_ll_usb.o
    0x0800b49e   0x0800b49e   0x00000002   PAD
    0x0800b4a0   0x0800b4a0   0x000000e8   Code   RO         4149    i.USB_SetTurnaroundTime  stm32h7xx_ll_usb.o
    0x0800b588   0x0800b588   0x00000028   Code   RO         4152    i.USB_WritePacket   stm32h7xx_ll_usb.o
    0x0800b5b0   0x0800b5b0   0x00000002   Code   RO         3114    i.UsageFault_Handler  stm32h7xx_it.o
    0x0800b5b2   0x0800b5b2   0x00000002   PAD
    0x0800b5b4   0x0800b5b4   0x00000028   Code   RO          952    i.WriteComm         bsp_lcd.o
    0x0800b5dc   0x0800b5dc   0x00000024   Code   RO          953    i.WriteData         bsp_lcd.o
    0x0800b600   0x0800b600   0x00000020   Code   RO           11    i.WriteRegister     adas1000.o
    0x0800b620   0x0800b620   0x00000006   Code   RO         1368    i._Z12thread_sleepj  mainwnd.o
    0x0800b626   0x0800b626   0x00000002   PAD
    0x0800b628   0x0800b628   0x00000064   Code   RO         1370    i._Z13load_resourcev  mainwnd.o
    0x0800b68c   0x0800b68c   0x00000010   Code   RO         1377    i._Z7_assertPKci    mainwnd.o
    0x0800b69c   0x0800b69c   0x00000214   Code   RO         1381    i._Z9create_uiiiiP15EXTERNAL_GFX_OP  mainwnd.o
    0x0800b8b0   0x0800b8b0   0x00000110   Code   RO         1842    i._ZN10c_keyboard14on_key_clickedEii  mainwnd.o
    0x0800b9c0   0x0800b9c0   0x0000001e   Code   RO         2120    i._ZN10c_keyboard14pre_create_wndEv  mainwnd.o
    0x0800b9de   0x0800b9de   0x00000002   PAD
    0x0800b9e0   0x0800b9e0   0x0000001c   Code   RO         2114    i._ZN10c_keyboard16on_init_childrenEv  mainwnd.o
    0x0800b9fc   0x0800b9fc   0x00000034   Code   RO         2126    i._ZN10c_keyboard8on_paintEv  mainwnd.o
    0x0800ba30   0x0800ba30   0x00000002   Code   RO         1849    i._ZN10c_keyboardD1Ev  mainwnd.o
    0x0800ba32   0x0800ba32   0x00000024   Code   RO         1715    i._ZN11c_wave_ctrl10clear_waveEv  mainwnd.o
    0x0800ba56   0x0800ba56   0x00000002   PAD
    0x0800ba58   0x0800ba58   0x00000100   Code   RO         1601    i._ZN11c_wave_ctrl12refresh_waveEh  mainwnd.o
    0x0800bb58   0x0800bb58   0x0000000c   Code   RO         1890    i._ZN11c_wave_ctrl14set_wave_speedEj  mainwnd.o
    0x0800bb64   0x0800bb64   0x0000004c   Code   RO         2144    i._ZN11c_wave_ctrl16on_init_childrenEv  mainwnd.o
    0x0800bbb0   0x0800bbb0   0x000000ea   Code   RO         1766    i._ZN11c_wave_ctrl17draw_smooth_vlineEiiij  mainwnd.o
    0x0800bc9a   0x0800bc9a   0x0000007e   Code   RO         1759    i._ZN11c_wave_ctrl18restore_backgroundEv  mainwnd.o
    0x0800bd18   0x0800bd18   0x0000004c   Code   RO         1709    i._ZN11c_wave_ctrl20set_wave_in_out_rateEjj  mainwnd.o
    0x0800bd64   0x0800bd64   0x000000aa   Code   RO         2150    i._ZN11c_wave_ctrl8on_paintEv  mainwnd.o
    0x0800be0e   0x0800be0e   0x00000002   PAD
    0x0800be10   0x0800be10   0x0000004c   Code   RO         1703    i._ZN11c_wave_ctrlC1Ev  mainwnd.o
    0x0800be5c   0x0800be5c   0x00000002   Code   RO         1858    i._ZN11c_wave_ctrlD1Ev  mainwnd.o
    0x0800be5e   0x0800be5e   0x00000002   PAD
    0x0800be60   0x0800be60   0x00000044   Code   RO         1607    i._ZN13c_wave_buffer15write_wave_dataEs  mainwnd.o
    0x0800bea4   0x0800bea4   0x00000130   Code   RO         1773    i._ZN13c_wave_buffer23read_wave_data_by_frameERsS0_sjs  mainwnd.o
    0x0800bfd4   0x0800bfd4   0x0000005a   Code   RO         1697    i._ZN13c_wave_bufferC1Ev  mainwnd.o
    0x0800c02e   0x0800c02e   0x00000002   PAD
    0x0800c030   0x0800c030   0x000000ac   Code   RO         2187    i._ZN15c_font_operator14get_string_posEPKvS1_6c_rectjRiS3_  mainwnd.o
    0x0800c0dc   0x0800c0dc   0x000000d2   Code   RO         1967    i._ZN15c_surface_no_fb15fill_rect_on_fbEiiiij  mainwnd.o
    0x0800c1ae   0x0800c1ae   0x00000064   Code   RO         1973    i._ZN15c_surface_no_fb16draw_pixel_on_fbEiij  mainwnd.o
    0x0800c212   0x0800c212   0x00000002   PAD
    0x0800c214   0x0800c214   0x00000214   Code   RO         2135    i._ZN17c_keyboard_button8on_paintEv  mainwnd.o
    0x0800c428   0x0800c428   0x00000010   Code   RO         1852    i._ZN17c_keyboard_buttonC1Ev  mainwnd.o
    0x0800c438   0x0800c438   0x00000002   Code   RO         1855    i._ZN17c_keyboard_buttonD1Ev  mainwnd.o
    0x0800c43a   0x0800c43a   0x00000044   Code   RO         1992    i._ZN17c_lattice_font_op10draw_valueEP9c_surfaceiiiiiPKvjj  mainwnd.o
    0x0800c47e   0x0800c47e   0x00000050   Code   RO         1979    i._ZN17c_lattice_font_op11draw_stringEP9c_surfaceiPKviiS3_jj  mainwnd.o
    0x0800c4ce   0x0800c4ce   0x00000046   Code   RO         1666    i._ZN17c_lattice_font_op11get_latticeEPK24struct_lattice_font_infoj  mainwnd.o
    0x0800c514   0x0800c514   0x00000124   Code   RO         2201    i._ZN17c_lattice_font_op12draw_latticeEP9c_surfaceiiiiiPKhjj  mainwnd.o
    0x0800c638   0x0800c638   0x00000056   Code   RO         2006    i._ZN17c_lattice_font_op12get_str_sizeEPKvS1_RiS2_  mainwnd.o
    0x0800c68e   0x0800c68e   0x00000002   PAD
    0x0800c690   0x0800c690   0x00000058   Code   RO         1672    i._ZN17c_lattice_font_op13get_utf8_codeEPKcRj  mainwnd.o
    0x0800c6e8   0x0800c6e8   0x000000ac   Code   RO         1678    i._ZN17c_lattice_font_op14value_2_stringEiiPci  mainwnd.o
    0x0800c794   0x0800c794   0x000000c0   Code   RO         2194    i._ZN17c_lattice_font_op16draw_single_charEP9c_surfaceijiiPK24struct_lattice_font_infojj  mainwnd.o
    0x0800c854   0x0800c854   0x00000068   Code   RO         1985    i._ZN17c_lattice_font_op19draw_string_in_rectEP9c_surfaceiPKv6c_rectS3_jjj  mainwnd.o
    0x0800c8bc   0x0800c8bc   0x000000b4   Code   RO         1640    i._ZN5c_wnd11on_navigateE14NAVIGATION_KEY  mainwnd.o
    0x0800c970   0x0800c970   0x00000026   Code   RO         1779    i._ZN5c_wnd11show_windowEv  mainwnd.o
    0x0800c996   0x0800c996   0x00000002   Code   RO         2059    i._ZN5c_wnd13on_kill_focusEv  mainwnd.o
    0x0800c998   0x0800c998   0x00000002   Code   RO         2047    i._ZN5c_wnd14pre_create_wndEv  mainwnd.o
    0x0800c99a   0x0800c99a   0x00000002   PAD
    0x0800c99c   0x0800c99c   0x00000048   Code   RO         1633    i._ZN5c_wnd15set_child_focusEPS_  mainwnd.o
    0x0800c9e4   0x0800c9e4   0x00000002   Code   RO         2035    i._ZN5c_wnd16on_init_childrenEv  mainwnd.o
    0x0800c9e6   0x0800c9e6   0x00000002   PAD
    0x0800c9e8   0x0800c9e8   0x000000f0   Code   RO         1613    i._ZN5c_wnd7connectEPS_tPKcssssP15struct_wnd_tree  mainwnd.o
    0x0800cad8   0x0800cad8   0x00000002   Code   RO         2053    i._ZN5c_wnd8on_focusEv  mainwnd.o
    0x0800cada   0x0800cada   0x00000002   Code   RO         2041    i._ZN5c_wnd8on_paintEv  mainwnd.o
    0x0800cadc   0x0800cadc   0x00000034   Code   RO         1691    i._ZN5c_wndC1Ev     mainwnd.o
    0x0800cb10   0x0800cb10   0x00000028   Code   RO         1741    i._ZN6c_rect8set_rectEiiii  mainwnd.o
    0x0800cb38   0x0800cb38   0x0000000e   Code   RO         1753    i._ZN6c_rectC1Ev    mainwnd.o
    0x0800cb46   0x0800cb46   0x00000002   PAD
    0x0800cb48   0x0800cb48   0x00000030   Code   RO         1647    i._ZN6c_word11draw_stringEP9c_surfaceiPKviiS3_jj  mainwnd.o
    0x0800cb78   0x0800cb78   0x00000040   Code   RO         1684    i._ZN6c_word19draw_string_in_rectEP9c_surfaceiPKv6c_rectS3_jjj  mainwnd.o
    0x0800cbb8   0x0800cbb8   0x00000010   Code   RO         1884    i._ZN7c_layerC1Ev   mainwnd.o
    0x0800cbc8   0x0800cbc8   0x00000020   Code   RO         1735    i._ZN7c_theme8add_fontE9FONT_LISTPKv  mainwnd.o
    0x0800cbe8   0x0800cbe8   0x00000020   Code   RO         1816    i._ZN7c_theme8get_fontE9FONT_LIST  mainwnd.o
    0x0800cc08   0x0800cc08   0x00000020   Code   RO         1729    i._ZN7c_theme9add_colorE10COLOR_LISTj  mainwnd.o
    0x0800cc28   0x0800cc28   0x00000020   Code   RO         2174    i._ZN7c_theme9get_colorE10COLOR_LIST  mainwnd.o
    0x0800cc48   0x0800cc48   0x00000038   Code   RO         2098    i._ZN8c_button11on_navigateE14NAVIGATION_KEY  mainwnd.o
    0x0800cc80   0x0800cc80   0x0000000a   Code   RO         2078    i._ZN8c_button13on_kill_focusEv  mainwnd.o
    0x0800cc8a   0x0800cc8a   0x00000002   PAD
    0x0800cc8c   0x0800cc8c   0x0000002c   Code   RO         2085    i._ZN8c_button14pre_create_wndEv  mainwnd.o
    0x0800ccb8   0x0800ccb8   0x0000000a   Code   RO         2071    i._ZN8c_button8on_focusEv  mainwnd.o
    0x0800ccc2   0x0800ccc2   0x00000002   PAD
    0x0800ccc4   0x0800ccc4   0x000000f4   Code   RO         2065    i._ZN8c_button8on_paintEv  mainwnd.o
    0x0800cdb8   0x0800cdb8   0x00000056   Code   RO         2091    i._ZN8c_button8on_touchEii12TOUCH_ACTION  mainwnd.o
    0x0800ce0e   0x0800ce0e   0x00000002   PAD
    0x0800ce10   0x0800ce10   0x00000010   Code   RO         1836    i._ZN8c_buttonC1Ev  mainwnd.o
    0x0800ce20   0x0800ce20   0x00000002   Code   RO         1839    i._ZN8c_buttonD1Ev  mainwnd.o
    0x0800ce22   0x0800ce22   0x00000002   PAD
    0x0800ce24   0x0800ce24   0x000000b8   Code   RO         1861    i._ZN8c_waveUI10on_clickedEii  mainwnd.o
    0x0800cedc   0x0800cedc   0x00000064   Code   RO         1874    i._ZN8c_waveUI12on_click_bmpEii  mainwnd.o
    0x0800cf40   0x0800cf40   0x00000094   Code   RO         1722    i._ZN8c_waveUI13button_updateEiP11ecg_channelPPi  mainwnd.o
    0x0800cfd4   0x0800cfd4   0x000000c8   Code   RO         1867    i._ZN8c_waveUI16on_clicked_speedEii  mainwnd.o
    0x0800d09c   0x0800d09c   0x000001d8   Code   RO         2159    i._ZN8c_waveUI16on_init_childrenEv  mainwnd.o
    0x0800d274   0x0800d274   0x00000034   Code   RO         2165    i._ZN8c_waveUI8on_paintEv  mainwnd.o
    0x0800d2a8   0x0800d2a8   0x00000002   Code   RO         1881    i._ZN8c_waveUID1Ev  mainwnd.o
    0x0800d2aa   0x0800d2aa   0x0000002e   Code   RO         1822    i._ZN9c_surface10draw_hlineEiiijj  mainwnd.o
    0x0800d2d8   0x0800d2d8   0x00000104   Code   RO         1941    i._ZN9c_surface10draw_pixelEiijj  mainwnd.o
    0x0800d3dc   0x0800d3dc   0x0000002e   Code   RO         1829    i._ZN9c_surface10draw_vlineEiiijj  mainwnd.o
    0x0800d40a   0x0800d40a   0x00000002   PAD
    0x0800d40c   0x0800d40c   0x00000074   Code   RO         1620    i._ZN9c_surface11set_surfaceE13Z_ORDER_LEVEL6c_rect  mainwnd.o
    0x0800d480   0x0800d480   0x000000d2   Code   RO         1955    i._ZN9c_surface15fill_rect_on_fbEiiiij  mainwnd.o
    0x0800d552   0x0800d552   0x00000072   Code   RO         1961    i._ZN9c_surface16draw_pixel_on_fbEiij  mainwnd.o
    0x0800d5c4   0x0800d5c4   0x0000007a   Code   RO         1660    i._ZN9c_surface9draw_rectE6c_rectjjj  mainwnd.o
    0x0800d63e   0x0800d63e   0x00000014   Code   RO         2180    i._ZN9c_surface9fill_rectE6c_rectjj  mainwnd.o
    0x0800d652   0x0800d652   0x00000110   Code   RO         1948    i._ZN9c_surface9fill_rectEiiiijj  mainwnd.o
    0x0800d762   0x0800d762   0x00000002   PAD
    0x0800d764   0x0800d764   0x00000074   Code   RO         1654    i._ZN9c_surface9get_pixelEiij  mainwnd.o
    0x0800d7d8   0x0800d7d8   0x0000009c   Code   RO         1798    i._ZN9c_surfaceC1Ejjj13Z_ORDER_LEVEL6c_rect  mainwnd.o
    0x0800d874   0x0800d874   0x00000012   Code   RO         1792    i._ZNK5c_wnd11get_wnd_ptrEt  mainwnd.o
    0x0800d886   0x0800d886   0x0000000c   Code   RO         1747    i._ZNK5c_wnd12get_wnd_rectER6c_rect  mainwnd.o
    0x0800d892   0x0800d892   0x00000012   Code   RO         1810    i._ZNK5c_wnd12is_focus_wndEv  mainwnd.o
    0x0800d8a4   0x0800d8a4   0x00000012   Code   RO         1786    i._ZNK5c_wnd14get_last_childEv  mainwnd.o
    0x0800d8b6   0x0800d8b6   0x0000004c   Code   RO         1595    i._ZNK5c_wnd15get_screen_rectER6c_rect  mainwnd.o
    0x0800d902   0x0800d902   0x00000020   Code   RO         1804    i._ZNK6c_rect10pt_in_rectEii  mainwnd.o
    0x0800d922   0x0800d922   0x00000030   Code   RO        16678    i.__ARM_fpclassify  m_wv.l(fpclassify.o)
    0x0800d952   0x0800d952   0x0000001a   Code   RO         2737    i.__NVIC_EnableIRQ  gpio.o
    0x0800d96c   0x0800d96c   0x00000010   Code   RO         2738    i.__NVIC_GetPriorityGrouping  gpio.o
    0x0800d97c   0x0800d97c   0x00000022   Code   RO         2739    i.__NVIC_SetPriority  gpio.o
    0x0800d99e   0x0800d99e   0x00000022   Code   RO         5743    i.__NVIC_SetPriority  stm32h7xx_hal_cortex.o
    0x0800d9c0   0x0800d9c0   0x00000024   Code   RO        16329    i.__aeabi_vec_ctor_nocookie_nodtor  cpprt_w.l(aeabi_vec_ctor_nocookie_nodtor.o)
    0x0800d9e4   0x0800d9e4   0x00000010   Code   RO        16217    i.__cxa_guard_acquire  cpprt_w.l(cxa_guard_acquire.o)
    0x0800d9f4   0x0800d9f4   0x0000043c   Code   RO         1385    i.__sti___11_MainWND_cpp_396ac66f  mainwnd.o
    0x0800de30   0x0800de30   0x0000000e   Code   RO        16175    i._is_digit         c_w.l(__printf_wp.o)
    0x0800de3e   0x0800de3e   0x00000002   PAD
    0x0800de40   0x0800de40   0x0000006c   Code   RO        12419    i.arm_fir_f32       filteringfunctions.o
    0x0800deac   0x0800deac   0x0000001c   Code   RO        12423    i.arm_fir_init_f32  filteringfunctions.o
    0x0800dec8   0x0800dec8   0x00000024   Code   RO          662    i.gfx_draw_pixel    system.o
    0x0800deec   0x0800deec   0x0000002c   Code   RO          663    i.gfx_fill_rect     system.o
    0x0800df18   0x0800df18   0x000000c8   Code   RO         2673    i.main              main.o
    0x0800dfe0   0x0800dfe0   0x0000000e   Code   RO         9601    i.makeFreeRtosPriority  cmsis_os.o
    0x0800dfee   0x0800dfee   0x0000000e   Code   RO         9603    i.osDelay           cmsis_os.o
    0x0800dffc   0x0800dffc   0x0000000c   Code   RO          306    i.osGetCPUUsage     cpu_utils.o
    0x0800e008   0x0800e008   0x0000000a   Code   RO         9606    i.osKernelStart     cmsis_os.o
    0x0800e012   0x0800e012   0x00000054   Code   RO         9640    i.osThreadCreate    cmsis_os.o
    0x0800e066   0x0800e066   0x00000002   PAD
    0x0800e068   0x0800e068   0x00000070   Code   RO         9283    i.prvAddCurrentTaskToDelayedList  tasks.o
    0x0800e0d8   0x0800e0d8   0x000000d0   Code   RO         9284    i.prvAddNewTaskToReadyList  tasks.o
    0x0800e1a8   0x0800e1a8   0x00000034   Code   RO         9285    i.prvDeleteTCB      tasks.o
    0x0800e1dc   0x0800e1dc   0x00000050   Code   RO         9968    i.prvHeapInit       heap_4.o
    0x0800e22c   0x0800e22c   0x00000064   Code   RO         9286    i.prvIdleTask       tasks.o
    0x0800e290   0x0800e290   0x0000009a   Code   RO         9287    i.prvInitialiseNewTask  tasks.o
    0x0800e32a   0x0800e32a   0x00000002   PAD
    0x0800e32c   0x0800e32c   0x0000004c   Code   RO         9969    i.prvInsertBlockIntoFreeList  heap_4.o
    0x0800e378   0x0800e378   0x00000020   Code   RO         9288    i.prvResetNextTaskUnblockTime  tasks.o
    0x0800e398   0x0800e398   0x00000028   Code   RO        10037    i.prvTaskExitError  port.o
    0x0800e3c0   0x0800e3c0   0x000000dc   Code   RO         9970    i.pvPortMalloc      heap_4.o
    0x0800e49c   0x0800e49c   0x00000030   Code   RO        10038    i.pxPortInitialiseStack  port.o
    0x0800e4cc   0x0800e4cc   0x00000004   Code   RO         1387    i.startGUI          mainwnd.o
    0x0800e4d0   0x0800e4d0   0x00000006   Code   RO           12    i.uint_to_int       adas1000.o
    0x0800e4d6   0x0800e4d6   0x00000026   Code   RO         8919    i.uxListRemove      list.o
    0x0800e4fc   0x0800e4fc   0x00000018   Code   RO         2810    i.vApplicationGetIdleTaskMemory  freertos.o
    0x0800e514   0x0800e514   0x00000018   Code   RO          307    i.vApplicationIdleHook  cpu_utils.o
    0x0800e52c   0x0800e52c   0x00000038   Code   RO          308    i.vApplicationTickHook  cpu_utils.o
    0x0800e564   0x0800e564   0x00000016   Code   RO         8920    i.vListInitialise   list.o
    0x0800e57a   0x0800e57a   0x00000006   Code   RO         8921    i.vListInitialiseItem  list.o
    0x0800e580   0x0800e580   0x00000030   Code   RO         8922    i.vListInsert       list.o
    0x0800e5b0   0x0800e5b0   0x00000018   Code   RO         8923    i.vListInsertEnd    list.o
    0x0800e5c8   0x0800e5c8   0x00000040   Code   RO        10040    i.vPortEnterCritical  port.o
    0x0800e608   0x0800e608   0x00000028   Code   RO        10041    i.vPortExitCritical  port.o
    0x0800e630   0x0800e630   0x00000064   Code   RO         9971    i.vPortFree         heap_4.o
    0x0800e694   0x0800e694   0x00000024   Code   RO        10042    i.vPortSetupTimerInterrupt  port.o
    0x0800e6b8   0x0800e6b8   0x00000054   Code   RO        10043    i.vPortValidateInterruptPriority  port.o
    0x0800e70c   0x0800e70c   0x0000004c   Code   RO         9297    i.vTaskDelay        tasks.o
    0x0800e758   0x0800e758   0x000000ac   Code   RO         9298    i.vTaskDelete       tasks.o
    0x0800e804   0x0800e804   0x00000070   Code   RO         9310    i.vTaskStartScheduler  tasks.o
    0x0800e874   0x0800e874   0x00000010   Code   RO         9312    i.vTaskSuspendAll   tasks.o
    0x0800e884   0x0800e884   0x00000068   Code   RO         9313    i.vTaskSwitchContext  tasks.o
    0x0800e8ec   0x0800e8ec   0x000000f4   Code   RO        10044    i.xPortStartScheduler  port.o
    0x0800e9e0   0x0800e9e0   0x0000005a   Code   RO         9316    i.xTaskCreate       tasks.o
    0x0800ea3a   0x0800ea3a   0x00000056   Code   RO         9317    i.xTaskCreateStatic  tasks.o
    0x0800ea90   0x0800ea90   0x0000000c   Code   RO         9320    i.xTaskGetCurrentTaskHandle  tasks.o
    0x0800ea9c   0x0800ea9c   0x00000010   Code   RO         9323    i.xTaskGetTickCountFromISR  tasks.o
    0x0800eaac   0x0800eaac   0x000000d8   Code   RO         9324    i.xTaskIncrementTick  tasks.o
    0x0800eb84   0x0800eb84   0x000000c4   Code   RO         9330    i.xTaskResumeAll    tasks.o
    0x0800ec48   0x0800ec48   0x0000002c   Code   RO        16797    locale$$code        c_w.l(lc_numeric_c.o)
    0x0800ec74   0x0800ec74   0x0000000a   Code   RO        16837    x$fpl$fpinit        fz_wv.l(fpinit.o)
    0x0800ec7e   0x0800ec7e   0x00000004   Code   RO        16336    x$fpl$printf1       fz_wv.l(printf1.o)
    0x0800ec82   0x0800ec82   0x00000000   Code   RO        16663    x$fpl$usenofp       fz_wv.l(usenofp.o)
    0x0800ec82   0x0800ec82   0x00000002   PAD
    0x0800ec84   0x0800ec84   0x00000188   Data   RO          502    .constdata          filter.o
    0x0800ee0c   0x0800ee0c   0x0000008c   Data   RO          665    .constdata          system.o
    0x0800ee98   0x0800ee98   0x00000004   Data   RO         1029    .constdata          bsp_led.o
    0x0800ee9c   0x0800ee9c   0x00000004   Data   RO         1032    .constdata          bsp_led.o
    0x0800eea0   0x0800eea0   0x00000002   Data   RO         1199    .constdata          ascii_12.o
    0x0800eea2   0x0800eea2   0x0000003e   Data   RO         1200    .constdata          ascii_12.o
    0x0800eee0   0x0800eee0   0x0000007c   Data   RO         1201    .constdata          ascii_12.o
    0x0800ef5c   0x0800ef5c   0x000000be   Data   RO         1202    .constdata          ascii_12.o
    0x0800f01a   0x0800f01a   0x00000020   Data   RO         1203    .constdata          ascii_12.o
    0x0800f03a   0x0800f03a   0x0000005a   Data   RO         1204    .constdata          ascii_12.o
    0x0800f094   0x0800f094   0x00000060   Data   RO         1205    .constdata          ascii_12.o
    0x0800f0f4   0x0800f0f4   0x0000002e   Data   RO         1206    .constdata          ascii_12.o
    0x0800f122   0x0800f122   0x00000018   Data   RO         1207    .constdata          ascii_12.o
    0x0800f13a   0x0800f13a   0x0000000a   Data   RO         1208    .constdata          ascii_12.o
    0x0800f144   0x0800f144   0x00000012   Data   RO         1209    .constdata          ascii_12.o
    0x0800f156   0x0800f156   0x0000005e   Data   RO         1210    .constdata          ascii_12.o
    0x0800f1b4   0x0800f1b4   0x0000008a   Data   RO         1211    .constdata          ascii_12.o
    0x0800f23e   0x0800f23e   0x00000062   Data   RO         1212    .constdata          ascii_12.o
    0x0800f2a0   0x0800f2a0   0x00000062   Data   RO         1213    .constdata          ascii_12.o
    0x0800f302   0x0800f302   0x00000066   Data   RO         1214    .constdata          ascii_12.o
    0x0800f368   0x0800f368   0x0000007a   Data   RO         1215    .constdata          ascii_12.o
    0x0800f3e2   0x0800f3e2   0x00000062   Data   RO         1216    .constdata          ascii_12.o
    0x0800f444   0x0800f444   0x00000072   Data   RO         1217    .constdata          ascii_12.o
    0x0800f4b6   0x0800f4b6   0x0000004e   Data   RO         1218    .constdata          ascii_12.o
    0x0800f504   0x0800f504   0x0000008e   Data   RO         1219    .constdata          ascii_12.o
    0x0800f592   0x0800f592   0x0000007e   Data   RO         1220    .constdata          ascii_12.o
    0x0800f610   0x0800f610   0x00000022   Data   RO         1221    .constdata          ascii_12.o
    0x0800f632   0x0800f632   0x00000028   Data   RO         1222    .constdata          ascii_12.o
    0x0800f65a   0x0800f65a   0x00000034   Data   RO         1223    .constdata          ascii_12.o
    0x0800f68e   0x0800f68e   0x00000012   Data   RO         1224    .constdata          ascii_12.o
    0x0800f6a0   0x0800f6a0   0x00000034   Data   RO         1225    .constdata          ascii_12.o
    0x0800f6d4   0x0800f6d4   0x00000046   Data   RO         1226    .constdata          ascii_12.o
    0x0800f71a   0x0800f71a   0x000000f0   Data   RO         1227    .constdata          ascii_12.o
    0x0800f80a   0x0800f80a   0x0000008a   Data   RO         1228    .constdata          ascii_12.o
    0x0800f894   0x0800f894   0x000000a2   Data   RO         1229    .constdata          ascii_12.o
    0x0800f936   0x0800f936   0x0000005c   Data   RO         1230    .constdata          ascii_12.o
    0x0800f992   0x0800f992   0x000000a6   Data   RO         1231    .constdata          ascii_12.o
    0x0800fa38   0x0800fa38   0x0000004a   Data   RO         1232    .constdata          ascii_12.o
    0x0800fa82   0x0800fa82   0x0000004a   Data   RO         1233    .constdata          ascii_12.o
    0x0800facc   0x0800facc   0x00000080   Data   RO         1234    .constdata          ascii_12.o
    0x0800fb4c   0x0800fb4c   0x000000a4   Data   RO         1235    .constdata          ascii_12.o
    0x0800fbf0   0x0800fbf0   0x0000004a   Data   RO         1236    .constdata          ascii_12.o
    0x0800fc3a   0x0800fc3a   0x0000004e   Data   RO         1237    .constdata          ascii_12.o
    0x0800fc88   0x0800fc88   0x000000ae   Data   RO         1238    .constdata          ascii_12.o
    0x0800fd36   0x0800fd36   0x00000060   Data   RO         1239    .constdata          ascii_12.o
    0x0800fd96   0x0800fd96   0x000000f4   Data   RO         1240    .constdata          ascii_12.o
    0x0800fe8a   0x0800fe8a   0x000000c8   Data   RO         1241    .constdata          ascii_12.o
    0x0800ff52   0x0800ff52   0x000000a0   Data   RO         1242    .constdata          ascii_12.o
    0x0800fff2   0x0800fff2   0x0000006c   Data   RO         1243    .constdata          ascii_12.o
    0x0801005e   0x0801005e   0x000000ae   Data   RO         1244    .constdata          ascii_12.o
    0x0801010c   0x0801010c   0x000000a6   Data   RO         1245    .constdata          ascii_12.o
    0x080101b2   0x080101b2   0x00000062   Data   RO         1246    .constdata          ascii_12.o
    0x08010214   0x08010214   0x0000004a   Data   RO         1247    .constdata          ascii_12.o
    0x0801025e   0x0801025e   0x000000a2   Data   RO         1248    .constdata          ascii_12.o
    0x08010300   0x08010300   0x00000094   Data   RO         1249    .constdata          ascii_12.o
    0x08010394   0x08010394   0x000000f6   Data   RO         1250    .constdata          ascii_12.o
    0x0801048a   0x0801048a   0x00000098   Data   RO         1251    .constdata          ascii_12.o
    0x08010522   0x08010522   0x00000082   Data   RO         1252    .constdata          ascii_12.o
    0x080105a4   0x080105a4   0x00000058   Data   RO         1253    .constdata          ascii_12.o
    0x080105fc   0x080105fc   0x00000006   Data   RO         1254    .constdata          ascii_12.o
    0x08010602   0x08010602   0x00000062   Data   RO         1255    .constdata          ascii_12.o
    0x08010664   0x08010664   0x000000a0   Data   RO         1256    .constdata          ascii_12.o
    0x08010704   0x08010704   0x00000044   Data   RO         1257    .constdata          ascii_12.o
    0x08010748   0x08010748   0x0000009c   Data   RO         1258    .constdata          ascii_12.o
    0x080107e4   0x080107e4   0x00000050   Data   RO         1259    .constdata          ascii_12.o
    0x08010834   0x08010834   0x00000050   Data   RO         1260    .constdata          ascii_12.o
    0x08010884   0x08010884   0x0000009e   Data   RO         1261    .constdata          ascii_12.o
    0x08010922   0x08010922   0x000000ac   Data   RO         1262    .constdata          ascii_12.o
    0x080109ce   0x080109ce   0x0000005a   Data   RO         1263    .constdata          ascii_12.o
    0x08010a28   0x08010a28   0x00000072   Data   RO         1264    .constdata          ascii_12.o
    0x08010a9a   0x08010a9a   0x00000096   Data   RO         1265    .constdata          ascii_12.o
    0x08010b30   0x08010b30   0x0000006a   Data   RO         1266    .constdata          ascii_12.o
    0x08010b9a   0x08010b9a   0x000000c2   Data   RO         1267    .constdata          ascii_12.o
    0x08010c5c   0x08010c5c   0x0000008c   Data   RO         1268    .constdata          ascii_12.o
    0x08010ce8   0x08010ce8   0x00000066   Data   RO         1269    .constdata          ascii_12.o
    0x08010d4e   0x08010d4e   0x000000a0   Data   RO         1270    .constdata          ascii_12.o
    0x08010dee   0x08010dee   0x0000009c   Data   RO         1271    .constdata          ascii_12.o
    0x08010e8a   0x08010e8a   0x0000004e   Data   RO         1272    .constdata          ascii_12.o
    0x08010ed8   0x08010ed8   0x0000004a   Data   RO         1273    .constdata          ascii_12.o
    0x08010f22   0x08010f22   0x0000003c   Data   RO         1274    .constdata          ascii_12.o
    0x08010f5e   0x08010f5e   0x0000007c   Data   RO         1275    .constdata          ascii_12.o
    0x08010fda   0x08010fda   0x00000062   Data   RO         1276    .constdata          ascii_12.o
    0x0801103c   0x0801103c   0x000000b2   Data   RO         1277    .constdata          ascii_12.o
    0x080110ee   0x080110ee   0x00000068   Data   RO         1278    .constdata          ascii_12.o
    0x08011156   0x08011156   0x0000007e   Data   RO         1279    .constdata          ascii_12.o
    0x080111d4   0x080111d4   0x00000040   Data   RO         1280    .constdata          ascii_12.o
    0x08011214   0x08011214   0x0000000c   Data   RO         1281    .constdata          ascii_12.o
    0x08011220   0x08011220   0x00004740   Data   RO         1313    .constdata          extrastr.o
    0x08015960   0x08015960   0x00000028   Data   RO         1415    .constdata          mainwnd.o
    0x08015988   0x08015988   0x00000082   Data   RO         2552    .constdata          num_big.o
    0x08015a0a   0x08015a0a   0x000003e6   Data   RO         2553    .constdata          num_big.o
    0x08015df0   0x08015df0   0x00000226   Data   RO         2554    .constdata          num_big.o
    0x08016016   0x08016016   0x000002be   Data   RO         2555    .constdata          num_big.o
    0x080162d4   0x080162d4   0x00000314   Data   RO         2556    .constdata          num_big.o
    0x080165e8   0x080165e8   0x00000326   Data   RO         2557    .constdata          num_big.o
    0x0801690e   0x0801690e   0x000002b2   Data   RO         2558    .constdata          num_big.o
    0x08016bc0   0x08016bc0   0x00000390   Data   RO         2559    .constdata          num_big.o
    0x08016f50   0x08016f50   0x00000224   Data   RO         2560    .constdata          num_big.o
    0x08017174   0x08017174   0x000003ea   Data   RO         2561    .constdata          num_big.o
    0x0801755e   0x0801755e   0x000003aa   Data   RO         2562    .constdata          num_big.o
    0x08017908   0x08017908   0x0000027a   Data   RO         2563    .constdata          num_big.o
    0x08017b82   0x08017b82   0x00000002   PAD
    0x08017b84   0x08017b84   0x0000000c   Data   RO         2564    .constdata          num_big.o
    0x08017b90   0x08017b90   0x00000002   Data   RO         2574    .constdata          res.o
    0x08017b92   0x08017b92   0x00000070   Data   RO         2575    .constdata          res.o
    0x08017c02   0x08017c02   0x000000b4   Data   RO         2576    .constdata          res.o
    0x08017cb6   0x08017cb6   0x00000130   Data   RO         2577    .constdata          res.o
    0x08017de6   0x08017de6   0x00000020   Data   RO         2578    .constdata          res.o
    0x08017e06   0x08017e06   0x0000008c   Data   RO         2579    .constdata          res.o
    0x08017e92   0x08017e92   0x00000092   Data   RO         2580    .constdata          res.o
    0x08017f24   0x08017f24   0x0000004e   Data   RO         2581    .constdata          res.o
    0x08017f72   0x08017f72   0x00000026   Data   RO         2582    .constdata          res.o
    0x08017f98   0x08017f98   0x0000000e   Data   RO         2583    .constdata          res.o
    0x08017fa6   0x08017fa6   0x0000001a   Data   RO         2584    .constdata          res.o
    0x08017fc0   0x08017fc0   0x00000088   Data   RO         2585    .constdata          res.o
    0x08018048   0x08018048   0x000000d4   Data   RO         2586    .constdata          res.o
    0x0801811c   0x0801811c   0x00000054   Data   RO         2587    .constdata          res.o
    0x08018170   0x08018170   0x00000080   Data   RO         2588    .constdata          res.o
    0x080181f0   0x080181f0   0x0000008a   Data   RO         2589    .constdata          res.o
    0x0801827a   0x0801827a   0x000000b0   Data   RO         2590    .constdata          res.o
    0x0801832a   0x0801832a   0x00000078   Data   RO         2591    .constdata          res.o
    0x080183a2   0x080183a2   0x000000b4   Data   RO         2592    .constdata          res.o
    0x08018456   0x08018456   0x0000007c   Data   RO         2593    .constdata          res.o
    0x080184d2   0x080184d2   0x000000c0   Data   RO         2594    .constdata          res.o
    0x08018592   0x08018592   0x000000b6   Data   RO         2595    .constdata          res.o
    0x08018648   0x08018648   0x00000032   Data   RO         2596    .constdata          res.o
    0x0801867a   0x0801867a   0x0000003e   Data   RO         2597    .constdata          res.o
    0x080186b8   0x080186b8   0x0000004c   Data   RO         2598    .constdata          res.o
    0x08018704   0x08018704   0x00000022   Data   RO         2599    .constdata          res.o
    0x08018726   0x08018726   0x0000004c   Data   RO         2600    .constdata          res.o
    0x08018772   0x08018772   0x00000072   Data   RO         2601    .constdata          res.o
    0x080187e4   0x080187e4   0x0000016c   Data   RO         2602    .constdata          res.o
    0x08018950   0x08018950   0x000000c8   Data   RO         2603    .constdata          res.o
    0x08018a18   0x08018a18   0x000000ca   Data   RO         2604    .constdata          res.o
    0x08018ae2   0x08018ae2   0x0000008a   Data   RO         2605    .constdata          res.o
    0x08018b6c   0x08018b6c   0x000000d4   Data   RO         2606    .constdata          res.o
    0x08018c40   0x08018c40   0x0000007e   Data   RO         2607    .constdata          res.o
    0x08018cbe   0x08018cbe   0x00000082   Data   RO         2608    .constdata          res.o
    0x08018d40   0x08018d40   0x000000b0   Data   RO         2609    .constdata          res.o
    0x08018df0   0x08018df0   0x000000f2   Data   RO         2610    .constdata          res.o
    0x08018ee2   0x08018ee2   0x00000082   Data   RO         2611    .constdata          res.o
    0x08018f64   0x08018f64   0x00000082   Data   RO         2612    .constdata          res.o
    0x08018fe6   0x08018fe6   0x000000e4   Data   RO         2613    .constdata          res.o
    0x080190ca   0x080190ca   0x0000007e   Data   RO         2614    .constdata          res.o
    0x08019148   0x08019148   0x0000019c   Data   RO         2615    .constdata          res.o
    0x080192e4   0x080192e4   0x00000146   Data   RO         2616    .constdata          res.o
    0x0801942a   0x0801942a   0x000000d0   Data   RO         2617    .constdata          res.o
    0x080194fa   0x080194fa   0x000000a8   Data   RO         2618    .constdata          res.o
    0x080195a2   0x080195a2   0x000000de   Data   RO         2619    .constdata          res.o
    0x08019680   0x08019680   0x000000d0   Data   RO         2620    .constdata          res.o
    0x08019750   0x08019750   0x00000086   Data   RO         2621    .constdata          res.o
    0x080197d6   0x080197d6   0x0000007c   Data   RO         2622    .constdata          res.o
    0x08019852   0x08019852   0x000000ee   Data   RO         2623    .constdata          res.o
    0x08019940   0x08019940   0x000000d6   Data   RO         2624    .constdata          res.o
    0x08019a16   0x08019a16   0x0000017e   Data   RO         2625    .constdata          res.o
    0x08019b94   0x08019b94   0x000000ce   Data   RO         2626    .constdata          res.o
    0x08019c62   0x08019c62   0x000000bc   Data   RO         2627    .constdata          res.o
    0x08019d1e   0x08019d1e   0x00000076   Data   RO         2628    .constdata          res.o
    0x08019d94   0x08019d94   0x00000008   Data   RO         2629    .constdata          res.o
    0x08019d9c   0x08019d9c   0x0000007c   Data   RO         2630    .constdata          res.o
    0x08019e18   0x08019e18   0x0000009a   Data   RO         2631    .constdata          res.o
    0x08019eb2   0x08019eb2   0x00000062   Data   RO         2632    .constdata          res.o
    0x08019f14   0x08019f14   0x000000d0   Data   RO         2633    .constdata          res.o
    0x08019fe4   0x08019fe4   0x00000066   Data   RO         2634    .constdata          res.o
    0x0801a04a   0x0801a04a   0x0000007e   Data   RO         2635    .constdata          res.o
    0x0801a0c8   0x0801a0c8   0x000000d0   Data   RO         2636    .constdata          res.o
    0x0801a198   0x0801a198   0x000000da   Data   RO         2637    .constdata          res.o
    0x0801a272   0x0801a272   0x00000072   Data   RO         2638    .constdata          res.o
    0x0801a2e4   0x0801a2e4   0x00000094   Data   RO         2639    .constdata          res.o
    0x0801a378   0x0801a378   0x0000008e   Data   RO         2640    .constdata          res.o
    0x0801a406   0x0801a406   0x0000008a   Data   RO         2641    .constdata          res.o
    0x0801a490   0x0801a490   0x000000fa   Data   RO         2642    .constdata          res.o
    0x0801a58a   0x0801a58a   0x000000a8   Data   RO         2643    .constdata          res.o
    0x0801a632   0x0801a632   0x00000084   Data   RO         2644    .constdata          res.o
    0x0801a6b6   0x0801a6b6   0x00000098   Data   RO         2645    .constdata          res.o
    0x0801a74e   0x0801a74e   0x000000c4   Data   RO         2646    .constdata          res.o
    0x0801a812   0x0801a812   0x00000062   Data   RO         2647    .constdata          res.o
    0x0801a874   0x0801a874   0x0000005c   Data   RO         2648    .constdata          res.o
    0x0801a8d0   0x0801a8d0   0x0000006c   Data   RO         2649    .constdata          res.o
    0x0801a93c   0x0801a93c   0x000000ac   Data   RO         2650    .constdata          res.o
    0x0801a9e8   0x0801a9e8   0x0000008c   Data   RO         2651    .constdata          res.o
    0x0801aa74   0x0801aa74   0x000000f6   Data   RO         2652    .constdata          res.o
    0x0801ab6a   0x0801ab6a   0x0000008e   Data   RO         2653    .constdata          res.o
    0x0801abf8   0x0801abf8   0x000000ae   Data   RO         2654    .constdata          res.o
    0x0801aca6   0x0801aca6   0x00000054   Data   RO         2655    .constdata          res.o
    0x0801acfa   0x0801acfa   0x00000002   PAD
    0x0801acfc   0x0801acfc   0x0000000c   Data   RO         2656    .constdata          res.o
    0x0801ad08   0x0801ad08   0x0000001c   Data   RO         2814    .constdata          freertos.o
    0x0801ad24   0x0801ad24   0x00000010   Data   RO         8783    .constdata          system_stm32h7xx.o
    0x0801ad34   0x0801ad34   0x00000011   Data   RO        16183    .constdata          c_w.l(__printf_flags_ss_wp.o)
    0x0801ad45   0x0801ad45   0x00000003   PAD
    0x0801ad48   0x0801ad48   0x00000094   Data   RO        16770    .constdata          c_w.l(bigflt0.o)
    0x0801addc   0x0801addc   0x00000038   Data   RO         1909    .constdata__ZTV10c_keyboard  mainwnd.o
    0x0801ae14   0x0801ae14   0x00000034   Data   RO         1913    .constdata__ZTV11c_wave_ctrl  mainwnd.o
    0x0801ae48   0x0801ae48   0x00000018   Data   RO         1899    .constdata__ZTV15c_surface_no_fb  mainwnd.o
    0x0801ae60   0x0801ae60   0x00000010   Data   RO         1903    .constdata__ZTV17c_bitmap_operator  mainwnd.o
    0x0801ae70   0x0801ae70   0x00000034   Data   RO         1911    .constdata__ZTV17c_keyboard_button  mainwnd.o
    0x0801aea4   0x0801aea4   0x0000001c   Data   RO         1901    .constdata__ZTV17c_lattice_font_op  mainwnd.o
    0x0801aec0   0x0801aec0   0x00000034   Data   RO         1905    .constdata__ZTV5c_wnd  mainwnd.o
    0x0801aef4   0x0801aef4   0x00000034   Data   RO         1907    .constdata__ZTV8c_button  mainwnd.o
    0x0801af28   0x0801af28   0x00000034   Data   RO         1915    .constdata__ZTV8c_waveUI  mainwnd.o
    0x0801af5c   0x0801af5c   0x00000018   Data   RO         1897    .constdata__ZTV9c_surface  mainwnd.o
    0x0801af74   0x0801af74   0x00000014   Data   RO         1569    .constdata__ZZN10c_keyboard15on_char_clickedEiiEs  mainwnd.o
    0x0801af88   0x0801af88   0x00000014   Data   RO         1579    .constdata__ZZN11c_wave_ctrl10clear_dataEvEs  mainwnd.o
    0x0801af9c   0x0801af9c   0x00000014   Data   RO         1580    .constdata__ZZN11c_wave_ctrl12refresh_waveEhEs  mainwnd.o
    0x0801afb0   0x0801afb0   0x00000014   Data   RO         1578    .constdata__ZZN13c_wave_buffer23read_wave_data_by_frameERsS0_sjsEs  mainwnd.o
    0x0801afc4   0x0801afc4   0x00000014   Data   RO         1553    .constdata__ZZN15c_font_operator14get_string_posEPKvS1_6c_rectjRiS3_Es  mainwnd.o
    0x0801afd8   0x0801afd8   0x00000014   Data   RO         1570    .constdata__ZZN17c_keyboard_button8on_paintEvEs  mainwnd.o
    0x0801afec   0x0801afec   0x00000005   Data   RO         1571    .constdata__ZZN17c_keyboard_button8on_paintEvEs_0  mainwnd.o
    0x0801aff1   0x0801aff1   0x00000004   Data   RO         1572    .constdata__ZZN17c_keyboard_button8on_paintEvEs_1  mainwnd.o
    0x0801aff5   0x0801aff5   0x00000006   Data   RO         1573    .constdata__ZZN17c_keyboard_button8on_paintEvEs_2  mainwnd.o
    0x0801affb   0x0801affb   0x00000006   Data   RO         1574    .constdata__ZZN17c_keyboard_button8on_paintEvEs_3  mainwnd.o
    0x0801b001   0x0801b001   0x00000002   Data   RO         1575    .constdata__ZZN17c_keyboard_button8on_paintEvEs_4  mainwnd.o
    0x0801b003   0x0801b003   0x00000005   Data   RO         1576    .constdata__ZZN17c_keyboard_button8on_paintEvEs_5  mainwnd.o
    0x0801b008   0x0801b008   0x00000005   Data   RO         1577    .constdata__ZZN17c_keyboard_button8on_paintEvEs_6  mainwnd.o
    0x0801b00d   0x0801b00d   0x00000014   Data   RO         1559    .constdata__ZZN17c_lattice_font_op12draw_latticeEP9c_surfaceiiiiiPKhjjEs  mainwnd.o
    0x0801b021   0x0801b021   0x00000014   Data   RO         1560    .constdata__ZZN17c_lattice_font_op13get_utf8_codeEPKcRjEs  mainwnd.o
    0x0801b035   0x0801b035   0x00000003   Data   RO         1554    .constdata__ZZN17c_lattice_font_op14value_2_stringEiiPciEs  mainwnd.o
    0x0801b038   0x0801b038   0x00000005   Data   RO         1555    .constdata__ZZN17c_lattice_font_op14value_2_stringEiiPciEs_0  mainwnd.o
    0x0801b03d   0x0801b03d   0x00000005   Data   RO         1556    .constdata__ZZN17c_lattice_font_op14value_2_stringEiiPciEs_1  mainwnd.o
    0x0801b042   0x0801b042   0x00000005   Data   RO         1557    .constdata__ZZN17c_lattice_font_op14value_2_stringEiiPciEs_2  mainwnd.o
    0x0801b047   0x0801b047   0x00000014   Data   RO         1558    .constdata__ZZN17c_lattice_font_op14value_2_stringEiiPciEs_3  mainwnd.o
    0x0801b05b   0x0801b05b   0x00000014   Data   RO         1566    .constdata__ZZN5c_wnd14load_child_wndEP15struct_wnd_treeEs  mainwnd.o
    0x0801b06f   0x0801b06f   0x00000014   Data   RO         1564    .constdata__ZZN5c_wnd15set_child_focusEPS_Es  mainwnd.o
    0x0801b083   0x0801b083   0x00000014   Data   RO         1565    .constdata__ZZN5c_wnd16add_child_2_tailEPS_Es  mainwnd.o
    0x0801b097   0x0801b097   0x00000014   Data   RO         1563    .constdata__ZZN5c_wnd7connectEPS_tPKcssssP15struct_wnd_treeEs  mainwnd.o
    0x0801b0ab   0x0801b0ab   0x00000014   Data   RO         1544    .constdata__ZZN6c_rect8set_rectEiiiiEs  mainwnd.o
    0x0801b0bf   0x0801b0bf   0x00000014   Data   RO         1545    .constdata__ZZN7c_theme8add_fontE9FONT_LISTPKvEs  mainwnd.o
    0x0801b0d3   0x0801b0d3   0x00000014   Data   RO         1546    .constdata__ZZN7c_theme8get_fontE9FONT_LISTEs  mainwnd.o
    0x0801b0e7   0x0801b0e7   0x00000014   Data   RO         1547    .constdata__ZZN7c_theme9add_colorE10COLOR_LISTjEs  mainwnd.o
    0x0801b0fb   0x0801b0fb   0x00000014   Data   RO         1548    .constdata__ZZN7c_theme9get_colorE10COLOR_LISTEs  mainwnd.o
    0x0801b10f   0x0801b10f   0x00000014   Data   RO         1567    .constdata__ZZN8c_button8on_paintEvEs  mainwnd.o
    0x0801b123   0x0801b123   0x00000002   Data   RO         1592    .constdata__ZZN8c_waveUI12on_click_bmpEiiEs  mainwnd.o
    0x0801b125   0x0801b125   0x00000003   Data   RO         1593    .constdata__ZZN8c_waveUI12on_click_bmpEiiEs_0  mainwnd.o
    0x0801b128   0x0801b128   0x00000004   Data   RO         1594    .constdata__ZZN8c_waveUI12on_click_bmpEiiEs_1  mainwnd.o
    0x0801b12c   0x0801b12c   0x00000002   Data   RO         1581    .constdata__ZZN8c_waveUI13button_updateEiP11ecg_channelPPiEs  mainwnd.o
    0x0801b12e   0x0801b12e   0x00000003   Data   RO         1582    .constdata__ZZN8c_waveUI13button_updateEiP11ecg_channelPPiEs_0  mainwnd.o
    0x0801b131   0x0801b131   0x00000004   Data   RO         1583    .constdata__ZZN8c_waveUI13button_updateEiP11ecg_channelPPiEs_1  mainwnd.o
    0x0801b135   0x0801b135   0x00000004   Data   RO         1584    .constdata__ZZN8c_waveUI13button_updateEiP11ecg_channelPPiEs_2  mainwnd.o
    0x0801b139   0x0801b139   0x00000004   Data   RO         1585    .constdata__ZZN8c_waveUI13button_updateEiP11ecg_channelPPiEs_3  mainwnd.o
    0x0801b13d   0x0801b13d   0x00000004   Data   RO         1586    .constdata__ZZN8c_waveUI13button_updateEiP11ecg_channelPPiEs_4  mainwnd.o
    0x0801b141   0x0801b141   0x00000002   Data   RO         1587    .constdata__ZZN8c_waveUI13button_updateEiP11ecg_channelPPiEs_5  mainwnd.o
    0x0801b143   0x0801b143   0x00000005   Data   RO         1588    .constdata__ZZN8c_waveUI13button_updateEiP11ecg_channelPPiEs_6  mainwnd.o
    0x0801b148   0x0801b148   0x00000005   Data   RO         1589    .constdata__ZZN8c_waveUI16on_clicked_speedEiiEs  mainwnd.o
    0x0801b14d   0x0801b14d   0x00000005   Data   RO         1590    .constdata__ZZN8c_waveUI16on_clicked_speedEiiEs_0  mainwnd.o
    0x0801b152   0x0801b152   0x00000004   Data   RO         1591    .constdata__ZZN8c_waveUI16on_clicked_speedEiiEs_1  mainwnd.o
    0x0801b156   0x0801b156   0x00000014   Data   RO         1550    .constdata__ZZN9c_surface10draw_pixelEiijjEs  mainwnd.o
    0x0801b16a   0x0801b16a   0x00000014   Data   RO         1552    .constdata__ZZN9c_surface11set_surfaceE13Z_ORDER_LEVEL6c_rectEs  mainwnd.o
    0x0801b17e   0x0801b17e   0x00000014   Data   RO         1549    .constdata__ZZN9c_surface9get_pixelEiijEs  mainwnd.o
    0x0801b192   0x0801b192   0x00000002   PAD
    0x0801b194   0x0801b194   0x00000046   Data   RO          666    .conststring        system.o
    0x0801b1da   0x0801b1da   0x00000002   PAD
    0x0801b1dc   0x0801b1dc   0x00000019   Data   RO         1416    .conststring        mainwnd.o
    0x0801b1f5   0x0801b1f5   0x00000003   PAD
    0x0801b1f8   0x0801b1f8   0x0000000c   Data   RO         2815    .conststring        freertos.o
    0x0801b204   0x0801b204   0x00000020   Data   RO        16957    Region$$Table       anon$$obj.o
    0x0801b224   0x0801b224   0x0000001c   Data   RO        16796    locale$$data        c_w.l(lc_numeric_c.o)
    0x0801b240   0x0801b240   0x00000004   Data   RO         1419    .init_array         mainwnd.o
    0x0801b244   0x0801b240   0x00000000   Data   RO        16209    .init_array         c_w.l(init_aeabi.o)


    Execution Region RW_IRAM1 (Exec base: 0x20000000, Load base: 0x0801b244, Size: 0x00000000, Max: 0x00020000, ABSOLUTE)

    **** No section assigned to this execution region ****


    Execution Region RW_IRAM2 (Exec base: 0x24000000, Load base: 0x0801b244, Size: 0x0000bfc0, Max: 0x00050000, ABSOLUTE, COMPRESSED[0x000007d4])

    Exec Addr    Load Addr    Size         Type   Attr      Idx    E Section Name        Object

    0x24000000   COMPRESSED   0x00000018   Data   RW          309    .data               cpu_utils.o
    0x24000018   COMPRESSED   0x00000020   Data   RW          372    .data               datacenter.o
    0x24000038   COMPRESSED   0x00000010   Data   RW          503    .data               filter.o
    0x24000048   COMPRESSED   0x0000000c   Data   RW          667    .data               system.o
    0x24000054   COMPRESSED   0x00000006   Data   RW          856    .data               bsp_beep.o
    0x2400005a   COMPRESSED   0x00000005   Data   RW         1033    .data               bsp_led.o
    0x2400005f   COMPRESSED   0x00000001   PAD
    0x24000060   COMPRESSED   0x000003d8   Data   RW         1282    .data               ascii_12.o
    0x24000438   COMPRESSED   0x00000614   Data   RW         1417    .data               mainwnd.o
    0x24000a4c   COMPRESSED   0x00000090   Data   RW         2565    .data               num_big.o
    0x24000adc   COMPRESSED   0x000003d8   Data   RW         2657    .data               res.o
    0x24000eb4   COMPRESSED   0x00000004   Data   RW         2816    .data               freertos.o
    0x24000eb8   COMPRESSED   0x00000004   Data   RW         2887    .data               adc.o
    0x24000ebc   COMPRESSED   0x0000001c   Data   RW         3342    .data               usbd_desc.o
    0x24000ed8   COMPRESSED   0x00000032   Data   RW         3343    .data               usbd_desc.o
    0x24000f0a   COMPRESSED   0x00000002   PAD
    0x24000f0c   COMPRESSED   0x00000014   Data   RW         3435    .data               usbd_cdc_if.o
    0x24000f20   COMPRESSED   0x0000000c   Data   RW         5919    .data               stm32h7xx_hal.o
    0x24000f2c   COMPRESSED   0x00000008   Data   RW         8784    .data               system_stm32h7xx.o
    0x24000f34   COMPRESSED   0x0000003c   Data   RW         9333    .data               tasks.o
    0x24000f70   COMPRESSED   0x00000020   Data   RW         9977    .data               heap_4.o
    0x24000f90   COMPRESSED   0x0000000c   Data   RW        10045    .data               port.o
    0x24000f9c   COMPRESSED   0x00000001   Data   RW        10296    .data               usbd_ctlreq.o
    0x24000f9d   COMPRESSED   0x00000003   PAD
    0x24000fa0   COMPRESSED   0x00000053   Data   RW        10461    .data               usbd_cdc.o
    0x24000ff3   COMPRESSED   0x00000001   PAD
    0x24000ff4   COMPRESSED   0x00000038   Data   RW        10462    .data               usbd_cdc.o
    0x2400102c   COMPRESSED   0x00000100   Data   RW         1916    .data__ZZN17c_lattice_font_op13get_utf8_codeEPKcRjE19s_utf8_length_table  mainwnd.o
    0x2400112c        -       0x0000001c   Zero   RW           13    .bss                adas1000.o
    0x24001148        -       0x00000020   Zero   RW          371    .bss                datacenter.o
    0x24001168        -       0x00000848   Zero   RW          501    .bss                filter.o
    0x240019b0        -       0x00000014   Zero   RW          664    .bss                system.o
    0x240019c4        -       0x0000369c   Zero   RW         1412    .bss                mainwnd.o
    0x24005060        -       0x00000254   Zero   RW         2813    .bss                freertos.o
    0x240052b4        -       0x00000150   Zero   RW         2886    .bss                adc.o
    0x24005404        -       0x0000004c   Zero   RW         2939    .bss                i2c.o
    0x24005450        -       0x000001c8   Zero   RW         3019    .bss                tim.o
    0x24005618        -       0x0000004c   Zero   RW         3255    .bss                stm32h7xx_hal_timebase_tim.o
    0x24005664        -       0x000002dc   Zero   RW         3299    .bss                usb_device.o
    0x24005940        -       0x00000200   Zero   RW         3341    .bss                usbd_desc.o
    0x24005b40        -       0x00001000   Zero   RW         3434    .bss                usbd_cdc_if.o
    0x24006b40        -       0x0000072c   Zero   RW         3529    .bss                usbd_conf.o
    0x2400726c        -       0x000000f0   Zero   RW         9332    .bss                tasks.o
    0x2400735c        -       0x00003c00   Zero   RW         9976    .bss                heap_4.o
    0x2400af5c        -       0x00000060   Zero   RW        16700    .bss                c_w.l(libspace.o)
    0x2400afbc   COMPRESSED   0x00000004   PAD
    0x2400afc0        -       0x00000800   Zero   RW         3289    HEAP                startup_stm32h723xx.o
    0x2400b7c0        -       0x00000800   Zero   RW         3288    STACK               startup_stm32h723xx.o


==============================================================================

Image component sizes


      Code (inc. data)   RO Data    RW Data    ZI Data      Debug   Object Name

       552         44          0          0         28    1255401   adas1000.o
       596         64          0          4        336       3431   adc.o
         0          0       9088        984          0      39163   ascii_12.o
       332         64          0          0          0       2393   bsp_adc.o
       156         34          0          6          0       3701   bsp_beep.o
        94         10          0          0          0       1655   bsp_input.o
      5804         70          0          0          0       9169   bsp_lcd.o
       204         32          8          5          0       8740   bsp_led.o
        80          6          0          0          0      26472   bsp_spi.o
         0          0          0          0          0       7683   bsp_uart.o
       122          0          0          0          0      23389   cmsis_os.o
       156         26          0         24          0       7612   cpu_utils.o
       528         68          0         32         32       5570   datacenter.o
         0          0          0          0          0      16808   event_groups.o
       290         18      18240          0          0       2538   extrastr.o
       712         52        392         16       2120      11030   filter.o
       136          4          0          0          0       8233   filteringfunctions.o
        80         16         40          4        596       7202   freertos.o
      1024         50          0          0          0      67614   gpio.o
       476         24          0         32      15360       7579   heap_4.o
       220         26          0          0         76       1909   i2c.o
        92         22          0          0          0       1339   interruptcenter.o
       138          0          0          0          0       3714   list.o
       474         24          0          0          0      39634   main.o
     10284        608       1019       1812      13980     109810   mainwnd.o
         0          0       8710        144          0       1585   num_big.o
       790         84          0         12          0      12053   port.o
         0          0      12662        984          0       3384   res.o
       156         12          0          0          0      36387   spi.o
        64         26        716          0       4096        816   startup_stm32h723xx.o
       156         32          0         12          0      23026   stm32h7xx_hal.o
      3280        224          0          0          0      81294   stm32h7xx_hal_adc.o
       460         32          0          0          0      68973   stm32h7xx_hal_adc_ex.o
       160         12          0          0          0      38850   stm32h7xx_hal_cortex.o
       540         44          0          0          0       1664   stm32h7xx_hal_gpio.o
       184          4          0          0          0       3079   stm32h7xx_hal_i2c.o
       172          0          0          0          0       2111   stm32h7xx_hal_i2c_ex.o
        36          4          0          0          0        962   stm32h7xx_hal_msp.o
      2718         16          0          0          0      14100   stm32h7xx_hal_pcd.o
       120          6          0          0          0       3331   stm32h7xx_hal_pcd_ex.o
       100         10          0          0          0       1374   stm32h7xx_hal_pwr_ex.o
      2346        100          0          0          0       7270   stm32h7xx_hal_rcc.o
      4314        180          0          0          0      10451   stm32h7xx_hal_rcc_ex.o
      2624        306          0          0          0      16382   stm32h7xx_hal_tim.o
       190         38          0          0          0       3272   stm32h7xx_hal_tim_ex.o
       132         22          0          0         76       1592   stm32h7xx_hal_timebase_tim.o
       246         36          0          0          0      16661   stm32h7xx_it.o
       416          0          0          0          0      11479   stm32h7xx_ll_exti.o
       180          0          0          0          0       7419   stm32h7xx_ll_gpio.o
       172         10          0          0          0      36670   stm32h7xx_ll_spi.o
      2924        136          0          0          0      24343   stm32h7xx_ll_usb.o
         0          0          0          0          0        392   stream_buffer.o
       960        120        210         12         20       7049   system.o
       192         34         16          8          0       1514   system_stm32h7xx.o
      1754        132          0         60        240      21967   tasks.o
       844         98          0          0        456       6389   tim.o
        84         18          0          0        732        812   usb_device.o
      1204         36          0        139          0      13899   usbd_cdc.o
        72         16          0         20       4096       3402   usbd_cdc_if.o
       640         24          0          0       1836      17092   usbd_conf.o
       924          0          0          0          0      15711   usbd_core.o
      1340         30          0          1          0      15224   usbd_ctlreq.o
       292        106          0         78        512       6381   usbd_desc.o
       132          0          0          0          0       4708   usbd_ioreq.o
       316         44          0          0          0       2666   warsys.o

    ----------------------------------------------------------------------
     53872       3254      51144       4396      44592    2217523   Object Totals
         0          0         32          0          0          0   (incl. Generated)
        88          0         11          7          0          0   (incl. Padding)

    ----------------------------------------------------------------------

      Code (inc. data)   RO Data    RW Data    ZI Data      Debug   Library Member Name

        44          6          0          0          0         84   __2sprintf.o
        90          0          0          0          0          0   __dczerorl2.o
         8          0          0          0          0         68   __main.o
       392          4         17          0          0         92   __printf_flags_ss_wp.o
        14          0          0          0          0         68   __printf_wp.o
         0          0          0          0          0          0   __rtentry.o
        12          0          0          0          0          0   __rtentry2.o
         6          0          0          0          0          0   __rtentry4.o
        52          8          0          0          0          0   __scatter.o
        28          0          0          0          0          0   __scatter_zi.o
        48          6          0          0          0         96   _printf_char_common.o
         6          0          0          0          0          0   _printf_d.o
       120         16          0          0          0         92   _printf_dec.o
         6          0          0          0          0          0   _printf_f.o
      1054          0          0          0          0        216   _printf_fp_dec.o
       128         16          0          0          0         84   _printf_fp_infnan.o
       178          0          0          0          0         88   _printf_intcommon.o
         0          0          0          0          0          0   _printf_percent.o
         4          0          0          0          0          0   _printf_percent_end.o
        10          0          0          0          0         68   _sputc.o
        46          0          0          0          0         84   aeabi_atexit.o
       228          4        148          0          0         96   bigflt0.o
      1936        128          0          0          0        672   btod.o
        40          0          0          0          0         80   calloc.o
        66          0          0          0          0         84   cxa_finalize.o
        10          0          0          0          0         68   defsig_exit.o
        50          0          0          0          0         88   defsig_general.o
        80         58          0          0          0         76   defsig_rtmem_inner.o
        14          0          0          0          0         80   defsig_rtmem_outer.o
        18          0          0          0          0         80   exit.o
        94          0          0          0          0         80   h1_alloc.o
        52          0          0          0          0         68   h1_extend.o
        78          0          0          0          0         80   h1_free.o
        14          0          0          0          0         84   h1_init.o
         6          0          0          0          0        152   heapauxi.o
         4          0          0          0          0        136   hguard.o
         0          0          0          0          0          0   indicate_semi.o
        36         10          0          0          0         80   init_aeabi.o
       138          0          0          0          0        168   init_alloc.o
        44         10         28          0          0         76   lc_numeric_c.o
         2          0          0          0          0          0   libinit.o
        34          0          0          0          0          0   libinit2.o
         2          0          0          0          0          0   libshutdown.o
         8          0          0          0          0          0   libshutdown2.o
         8          4          0          0         96         68   libspace.o
       138          0          0          0          0         80   lludiv10.o
         0          0          0          0          0          0   maybetermalloc1.o
         8          4          0          0          0         68   rt_ddtor_pointer_addr_intlibspace.o
         8          4          0          0          0         68   rt_heap_descriptor_intlibspace.o
         8          4          0          0          0         68   rt_locale_intlibspace.o
        68          0          0          0          0         68   rt_memclr.o
        78          0          0          0          0         80   rt_memclr_w.o
       100          0          0          0          0         80   rt_memcpy_w.o
         2          0          0          0          0          0   rtexit.o
        10          0          0          0          0          0   rtexit2.o
       104          0          0          0          0         68   strcmpv7m_pel.o
        12          4          0          0          0         68   sys_exit.o
        74          0          0          0          0         80   sys_stackheap_outer.o
        14          0          0          0          0         76   sys_wrch.o
         2          0          0          0          0         68   use_no_semi.o
        36          0          0          0          0         84   aeabi_vec_ctor_nocookie_nodtor.o
        16          0          0          0          0         68   cxa_guard_acquire.o
        10          0          0          0          0        116   fpinit.o
         4          0          0          0          0        116   printf1.o
         0          0          0          0          0          0   usenofp.o
        48          0          0          0          0        124   fpclassify.o

    ----------------------------------------------------------------------
      5960        286        196          0        100       4736   Library Totals
        12          0          3          0          4          0   (incl. Padding)

    ----------------------------------------------------------------------

      Code (inc. data)   RO Data    RW Data    ZI Data      Debug   Library Name

      5834        286        193          0         96       4228   c_w.l
        52          0          0          0          0        152   cpprt_w.l
        14          0          0          0          0        232   fz_wv.l
        48          0          0          0          0        124   m_wv.l

    ----------------------------------------------------------------------
      5960        286        196          0        100       4736   Library Totals

    ----------------------------------------------------------------------

==============================================================================


      Code (inc. data)   RO Data    RW Data    ZI Data      Debug   

     59832       3540      51340       4396      44692    2174611   Grand Totals
     59832       3540      51340       2004      44692    2174611   ELF Image Totals (compressed)
     59832       3540      51340       2004          0          0   ROM Totals

==============================================================================

    Total RO  Size (Code + RO Data)               111172 ( 108.57kB)
    Total RW  Size (RW Data + ZI Data)             49088 (  47.94kB)
    Total ROM Size (Code + RO Data + RW Data)     113176 ( 110.52kB)

==============================================================================

